###############################################################################
#
# IAR ELF Linker V8.40.2.214/W32 for ARM                  16/May/2023  10:03:38
# Copyright 2007-2019 IAR Systems AB.
#
#    Output file  =
#        D:\STM32\thuchanhHK2\stm32f103vct6_source\EWARM\stm32f103vct6_source\Exe\stm32f103vct6_source.out
#    Map file     =
#        D:\STM32\thuchanhHK2\stm32f103vct6_source\EWARM\stm32f103vct6_source\List\stm32f103vct6_source.map
#    Command line =
#        -f C:\Users\84921\AppData\Local\Temp\EWE12F.tmp
#        (D:\STM32\thuchanhHK2\stm32f103vct6_source\EWARM\stm32f103vct6_source\Obj\button.o
#        D:\STM32\thuchanhHK2\stm32f103vct6_source\EWARM\stm32f103vct6_source\Obj\clock.o
#        D:\STM32\thuchanhHK2\stm32f103vct6_source\EWARM\stm32f103vct6_source\Obj\gpio.o
#        D:\STM32\thuchanhHK2\stm32f103vct6_source\EWARM\stm32f103vct6_source\Obj\IC_74AC165D.o
#        D:\STM32\thuchanhHK2\stm32f103vct6_source\EWARM\stm32f103vct6_source\Obj\IC_74HC594.o
#        D:\STM32\thuchanhHK2\stm32f103vct6_source\EWARM\stm32f103vct6_source\Obj\main.o
#        D:\STM32\thuchanhHK2\stm32f103vct6_source\EWARM\stm32f103vct6_source\Obj\startup_stm32f103xe.o
#        D:\STM32\thuchanhHK2\stm32f103vct6_source\EWARM\stm32f103vct6_source\Obj\stm32f1xx_hal.o
#        D:\STM32\thuchanhHK2\stm32f103vct6_source\EWARM\stm32f103vct6_source\Obj\stm32f1xx_hal_cortex.o
#        D:\STM32\thuchanhHK2\stm32f103vct6_source\EWARM\stm32f103vct6_source\Obj\stm32f1xx_hal_dma.o
#        D:\STM32\thuchanhHK2\stm32f103vct6_source\EWARM\stm32f103vct6_source\Obj\stm32f1xx_hal_exti.o
#        D:\STM32\thuchanhHK2\stm32f103vct6_source\EWARM\stm32f103vct6_source\Obj\stm32f1xx_hal_flash.o
#        D:\STM32\thuchanhHK2\stm32f103vct6_source\EWARM\stm32f103vct6_source\Obj\stm32f1xx_hal_flash_ex.o
#        D:\STM32\thuchanhHK2\stm32f103vct6_source\EWARM\stm32f103vct6_source\Obj\stm32f1xx_hal_gpio.o
#        D:\STM32\thuchanhHK2\stm32f103vct6_source\EWARM\stm32f103vct6_source\Obj\stm32f1xx_hal_gpio_ex.o
#        D:\STM32\thuchanhHK2\stm32f103vct6_source\EWARM\stm32f103vct6_source\Obj\stm32f1xx_hal_msp.o
#        D:\STM32\thuchanhHK2\stm32f103vct6_source\EWARM\stm32f103vct6_source\Obj\stm32f1xx_hal_pwr.o
#        D:\STM32\thuchanhHK2\stm32f103vct6_source\EWARM\stm32f103vct6_source\Obj\stm32f1xx_hal_rcc.o
#        D:\STM32\thuchanhHK2\stm32f103vct6_source\EWARM\stm32f103vct6_source\Obj\stm32f1xx_hal_rcc_ex.o
#        D:\STM32\thuchanhHK2\stm32f103vct6_source\EWARM\stm32f103vct6_source\Obj\stm32f1xx_hal_tim.o
#        D:\STM32\thuchanhHK2\stm32f103vct6_source\EWARM\stm32f103vct6_source\Obj\stm32f1xx_hal_tim_ex.o
#        D:\STM32\thuchanhHK2\stm32f103vct6_source\EWARM\stm32f103vct6_source\Obj\stm32f1xx_it.o
#        D:\STM32\thuchanhHK2\stm32f103vct6_source\EWARM\stm32f103vct6_source\Obj\system_stm32f1xx.o
#        D:\STM32\thuchanhHK2\stm32f103vct6_source\EWARM\stm32f103vct6_source\Obj\timer.o
#        --redirect _Printf=_PrintfFull --redirect _Scanf=_ScanfFull
#        --no_out_extension -o
#        D:\STM32\thuchanhHK2\stm32f103vct6_source\EWARM\stm32f103vct6_source\Exe\stm32f103vct6_source.out
#        --map
#        D:\STM32\thuchanhHK2\stm32f103vct6_source\EWARM\stm32f103vct6_source\List\stm32f103vct6_source.map
#        --config
#        D:\STM32\thuchanhHK2\stm32f103vct6_source\EWARM/stm32f103xe_flash.icf
#        --semihosting --entry __iar_program_start --vfe --text_out locale)
#
###############################################################################

*******************************************************************************
*** RUNTIME MODEL ATTRIBUTES
***

CppFlavor       = *
__SystemLibrary = DLib
__dlib_version  = 6


*******************************************************************************
*** HEAP SELECTION
***

The basic heap was selected because no calls to memory allocation
functions were found in the application outside of system library
functions, and there are calls to deallocation functions in the
application.


*******************************************************************************
*** PLACEMENT SUMMARY
***

"A0":  place at address 0x800'0000 { ro section .intvec };
"P1":  place in [from 0x800'0000 to 0x807'ffff] { ro };
define block CSTACK with size = 1K, alignment = 8 { };
define block HEAP with size = 512, alignment = 8 { };
"P2":  place in [from 0x2000'0000 to 0x2000'ffff] {
          rw, block CSTACK, block HEAP };
initialize by copy { rw };

  Section            Kind         Address   Size  Object
  -------            ----         -------   ----  ------
"A0":                                      0x130
  .intvec            ro code   0x800'0000  0x130  startup_stm32f103xe.o [1]
                             - 0x800'0130  0x130

"P1":                                      0xce9
  .text              ro code   0x800'0130  0x496  stm32f1xx_hal_rcc.o [1]
  .text              ro code   0x800'05c8    0xc  stm32f1xx_hal.o [1]
  .text              ro code   0x800'05d4   0x40  stm32f1xx_hal.o [1]
  .text              ro code   0x800'0614   0xac  stm32f1xx_hal_cortex.o [1]
  .text              ro code   0x800'06c0  0x122  IC_74HC594.o [1]
  .text              ro code   0x800'07e2   0xd2  gpio.o [1]
  .text              ro code   0x800'08b4   0x28  stm32f1xx_hal.o [1]
  .text              ro code   0x800'08dc   0xaa  clock.o [1]
  .text              ro code   0x800'0986   0x14  memset.o [3]
  .text              ro code   0x800'099c   0x66  ABImemset.o [3]
  .text              ro code   0x800'0a04   0x90  main.o [1]
  .text              ro code   0x800'0a94   0x24  stm32f1xx_hal.o [1]
  .text              ro code   0x800'0ab8   0x84  timer.o [1]
  .text              ro code   0x800'0b3c   0x80  IC_74AC165D.o [1]
  .text              ro code   0x800'0bbc   0x44  stm32f1xx_hal_msp.o [1]
  .text              ro code   0x800'0c00   0x38  packbits_init_single.o [3]
  .text              ro code   0x800'0c38   0x28  data_init.o [3]
  .iar.init_table    const     0x800'0c60   0x10  - Linker created -
  .text              ro code   0x800'0c70   0x1e  cmain.o [3]
  .text              ro code   0x800'0c8e    0x4  low_level_init.o [2]
  .text              ro code   0x800'0c92    0x4  exit.o [2]
  .text              ro code   0x800'0c98    0xa  cexit.o [3]
  .text              ro code   0x800'0ca4   0x14  exit.o [4]
  .text              ro code   0x800'0cb8   0x14  stm32f1xx_it.o [1]
  .text              ro code   0x800'0ccc   0x10  stm32f1xx_hal.o [1]
  .text              ro code   0x800'0cdc   0x14  system_stm32f1xx.o [1]
  .text              ro code   0x800'0cf0   0x10  startup_stm32f103xe.o [1]
  .text              ro code   0x800'0d00    0xc  cstartup_M.o [3]
  .text              ro code   0x800'0d0c    0x4  startup_stm32f103xe.o [1]
  .text              ro code   0x800'0d10    0x4  startup_stm32f103xe.o [1]
  .text              ro code   0x800'0d14    0x4  startup_stm32f103xe.o [1]
  .text              ro code   0x800'0d18    0x4  startup_stm32f103xe.o [1]
  .text              ro code   0x800'0d1c    0x4  startup_stm32f103xe.o [1]
  .text              ro code   0x800'0d20    0x4  startup_stm32f103xe.o [1]
  .text              ro code   0x800'0d24    0x4  startup_stm32f103xe.o [1]
  .text              ro code   0x800'0d28    0x4  startup_stm32f103xe.o [1]
  .text              ro code   0x800'0d2c    0x4  startup_stm32f103xe.o [1]
  .text              ro code   0x800'0d30    0x4  startup_stm32f103xe.o [1]
  .text              ro code   0x800'0d34    0x4  startup_stm32f103xe.o [1]
  .text              ro code   0x800'0d38    0x4  startup_stm32f103xe.o [1]
  .text              ro code   0x800'0d3c    0x4  startup_stm32f103xe.o [1]
  .text              ro code   0x800'0d40    0x4  startup_stm32f103xe.o [1]
  .text              ro code   0x800'0d44    0x4  startup_stm32f103xe.o [1]
  .text              ro code   0x800'0d48    0x4  startup_stm32f103xe.o [1]
  .text              ro code   0x800'0d4c    0x4  startup_stm32f103xe.o [1]
  .text              ro code   0x800'0d50    0x4  startup_stm32f103xe.o [1]
  .text              ro code   0x800'0d54    0x4  startup_stm32f103xe.o [1]
  .text              ro code   0x800'0d58    0x4  startup_stm32f103xe.o [1]
  .text              ro code   0x800'0d5c    0x4  startup_stm32f103xe.o [1]
  .text              ro code   0x800'0d60    0x4  startup_stm32f103xe.o [1]
  .text              ro code   0x800'0d64    0x4  startup_stm32f103xe.o [1]
  .text              ro code   0x800'0d68    0x4  startup_stm32f103xe.o [1]
  .text              ro code   0x800'0d6c    0x4  startup_stm32f103xe.o [1]
  .text              ro code   0x800'0d70    0x4  startup_stm32f103xe.o [1]
  .text              ro code   0x800'0d74    0x4  startup_stm32f103xe.o [1]
  .text              ro code   0x800'0d78    0x4  startup_stm32f103xe.o [1]
  .text              ro code   0x800'0d7c    0x4  startup_stm32f103xe.o [1]
  .text              ro code   0x800'0d80    0x4  startup_stm32f103xe.o [1]
  .text              ro code   0x800'0d84    0x4  startup_stm32f103xe.o [1]
  .text              ro code   0x800'0d88    0x4  startup_stm32f103xe.o [1]
  .text              ro code   0x800'0d8c    0x4  startup_stm32f103xe.o [1]
  .text              ro code   0x800'0d90    0x4  startup_stm32f103xe.o [1]
  .text              ro code   0x800'0d94    0x4  startup_stm32f103xe.o [1]
  .text              ro code   0x800'0d98    0x4  startup_stm32f103xe.o [1]
  .text              ro code   0x800'0d9c    0x4  startup_stm32f103xe.o [1]
  .text              ro code   0x800'0da0    0x4  startup_stm32f103xe.o [1]
  .text              ro code   0x800'0da4    0x4  startup_stm32f103xe.o [1]
  .text              ro code   0x800'0da8    0x4  startup_stm32f103xe.o [1]
  .text              ro code   0x800'0dac    0x4  startup_stm32f103xe.o [1]
  .text              ro code   0x800'0db0    0x4  startup_stm32f103xe.o [1]
  .text              ro code   0x800'0db4    0x4  startup_stm32f103xe.o [1]
  .text              ro code   0x800'0db8    0x4  startup_stm32f103xe.o [1]
  .text              ro code   0x800'0dbc    0x4  startup_stm32f103xe.o [1]
  .text              ro code   0x800'0dc0    0x4  startup_stm32f103xe.o [1]
  .text              ro code   0x800'0dc4    0x4  startup_stm32f103xe.o [1]
  .text              ro code   0x800'0dc8    0x4  startup_stm32f103xe.o [1]
  .text              ro code   0x800'0dcc    0x4  startup_stm32f103xe.o [1]
  .text              ro code   0x800'0dd0    0x4  startup_stm32f103xe.o [1]
  .text              ro code   0x800'0dd4    0x4  startup_stm32f103xe.o [1]
  .text              ro code   0x800'0dd8    0x4  startup_stm32f103xe.o [1]
  .text              ro code   0x800'0ddc    0x4  startup_stm32f103xe.o [1]
  .text              ro code   0x800'0de0    0x4  startup_stm32f103xe.o [1]
  .text              ro code   0x800'0de4    0x4  startup_stm32f103xe.o [1]
  .text              ro code   0x800'0de8    0x4  startup_stm32f103xe.o [1]
  .text              ro code   0x800'0dec    0x4  startup_stm32f103xe.o [1]
  .text              ro code   0x800'0df0    0x4  startup_stm32f103xe.o [1]
  .text              ro code   0x800'0df4    0x4  startup_stm32f103xe.o [1]
  .rodata            const     0x800'0df8    0x0  packbits_init_single.o [3]
  Initializer bytes  const     0x800'0df8   0x21  <for P2-1>
                             - 0x800'0e19  0xce9

"P2", part 1 of 2:                          0x35
  P2-1                        0x2000'0000   0x35  <Init block>
    .data            inited   0x2000'0000   0x14  IC_74HC594.o [1]
    .data            inited   0x2000'0014    0xc  stm32f1xx_hal.o [1]
    .data            inited   0x2000'0020    0x4  system_stm32f1xx.o [1]
    .bss             inited   0x2000'0024    0x4  main.o [1]
    .bss             inited   0x2000'0028    0xc  main.o [1]
    .bss             inited   0x2000'0034    0x1  IC_74AC165D.o [1]
                            - 0x2000'0035   0x35

"P2", part 2 of 2:                         0x400
  CSTACK                      0x2000'0038  0x400  <Block>
    CSTACK           uninit   0x2000'0038  0x400  <Block tail>
                            - 0x2000'0438  0x400

Unused ranges:

         From           To      Size
         ----           --      ----
   0x800'0e19   0x807'ffff  0x7'f1e7
  0x2000'0035  0x2000'0037       0x3
  0x2000'0438  0x2000'ffff    0xfbc8


*******************************************************************************
*** INIT TABLE
***

          Address      Size
          -------      ----
Copy/packbits (__iar_packbits_init_single3)
    1 source range, total size 0x21 (62% of destination):
           0x800'0df8  0x21
    1 destination range, total size 0x35:
          0x2000'0000  0x35



*******************************************************************************
*** MODULE SUMMARY
***

    Module                  ro code  ro data  rw data
    ------                  -------  -------  -------
command line/config:
    -------------------------------------------------
    Total:

D:\STM32\thuchanhHK2\stm32f103vct6_source\EWARM\stm32f103vct6_source\Obj: [1]
    IC_74AC165D.o               128        1        1
    IC_74HC594.o                290       12       20
    clock.o                     170
    gpio.o                      210
    main.o                      144       10       16
    startup_stm32f103xe.o       556
    stm32f1xx_hal.o             168        7       12
    stm32f1xx_hal_cortex.o      172
    stm32f1xx_hal_msp.o          68
    stm32f1xx_hal_rcc.o       1'174
    stm32f1xx_it.o               20
    system_stm32f1xx.o           20        3        4
    timer.o                     132
    -------------------------------------------------
    Total:                    3'252       33       53

dl7M_tln.a: [2]
    exit.o                        4
    low_level_init.o              4
    -------------------------------------------------
    Total:                        8

rt7M_tl.a: [3]
    ABImemset.o                 102
    cexit.o                      10
    cmain.o                      30
    cstartup_M.o                 12
    data_init.o                  40
    memset.o                     20
    packbits_init_single.o       56
    -------------------------------------------------
    Total:                      270

shb_l.a: [4]
    exit.o                       20
    -------------------------------------------------
    Total:                       20

    Gaps                         10
    Linker created                        16    1'024
-----------------------------------------------------
    Grand Total:              3'560       49    1'077


*******************************************************************************
*** ENTRY LIST
***

Entry                       Address   Size  Type      Object
-----                       -------   ----  ----      ------
.iar.init_table$$Base    0x800'0c60          --   Gb  - Linker created -
.iar.init_table$$Limit   0x800'0c70          --   Gb  - Linker created -
?main                    0x800'0c71         Code  Gb  cmain.o [3]
AHBPrescTable            0x800'0ce0   0x10  Data  Gb  system_stm32f1xx.o [1]
BusFault_Handler         0x800'0cbf    0x2  Code  Gb  stm32f1xx_it.o [1]
CSTACK$$Base            0x2000'0038          --   Gb  - Linker created -
CSTACK$$Limit           0x2000'0438          --   Gb  - Linker created -
DebugMon_Handler         0x800'0cc5    0x2  Code  Gb  stm32f1xx_it.o [1]
HAL_Delay                0x800'08b5   0x28  Code  Wk  stm32f1xx_hal.o [1]
HAL_GetTick              0x800'05c9    0xc  Code  Wk  stm32f1xx_hal.o [1]
HAL_IncTick              0x800'0ccd   0x10  Code  Wk  stm32f1xx_hal.o [1]
HAL_Init                 0x800'0a95   0x20  Code  Gb  stm32f1xx_hal.o [1]
HAL_InitTick             0x800'05d5   0x40  Code  Wk  stm32f1xx_hal.o [1]
HAL_MspInit              0x800'0bbd   0x44  Code  Gb  stm32f1xx_hal_msp.o [1]
HAL_NVIC_SetPriority     0x800'0649   0x3a  Code  Gb  stm32f1xx_hal_cortex.o [1]
HAL_NVIC_SetPriorityGrouping
                         0x800'062f   0x1a  Code  Gb  stm32f1xx_hal_cortex.o [1]
HAL_RCC_ClockConfig      0x800'0445   0xf4  Code  Gb  stm32f1xx_hal_rcc.o [1]
HAL_RCC_GetSysClockFreq
                         0x800'054d   0x3a  Code  Gb  stm32f1xx_hal_rcc.o [1]
HAL_RCC_GetSysClockFreq::aPLLMULFactorTable
                         0x800'05b4   0x10  Data  Lc  stm32f1xx_hal_rcc.o [1]
HAL_RCC_GetSysClockFreq::aPredivFactorTable
                         0x800'05c4    0x2  Data  Lc  stm32f1xx_hal_rcc.o [1]
HAL_RCC_OscConfig        0x800'0131  0x30c  Code  Gb  stm32f1xx_hal_rcc.o [1]
HAL_SYSTICK_Config       0x800'0683   0x28  Code  Gb  stm32f1xx_hal_cortex.o [1]
HardFault_Handler        0x800'0cbb    0x2  Code  Gb  stm32f1xx_it.o [1]
LED74HC594               0x800'06f1   0x88  Code  Gb  IC_74HC594.o [1]
MemManage_Handler        0x800'0cbd    0x2  Code  Gb  stm32f1xx_it.o [1]
NMI_Handler              0x800'0cb9    0x2  Code  Gb  stm32f1xx_it.o [1]
PendSV_Handler           0x800'0cc7    0x2  Code  Gb  stm32f1xx_it.o [1]
Region$$Table$$Base      0x800'0c60          --   Gb  - Linker created -
Region$$Table$$Limit     0x800'0c70          --   Gb  - Linker created -
SVC_Handler              0x800'0cc3    0x2  Code  Gb  stm32f1xx_it.o [1]
SysTick_Handler          0x800'0cc9    0x4  Code  Gb  stm32f1xx_it.o [1]
SystemClock_Config       0x800'092d   0x5a  Code  Gb  clock.o [1]
SystemCoreClock         0x2000'0020    0x4  Data  Gb  system_stm32f1xx.o [1]
SystemInit               0x800'0cdd    0x2  Code  Gb  system_stm32f1xx.o [1]
TIM1_UP_IRQHandler       0x800'0a05   0x1a  Code  Gb  main.o [1]
UsageFault_Handler       0x800'0cc1    0x2  Code  Gb  stm32f1xx_it.o [1]
__NVIC_SetPriority       0x800'0615   0x1a  Code  Lc  stm32f1xx_hal_cortex.o [1]
__aeabi_memset           0x800'099d         Code  Gb  ABImemset.o [3]
__cmain                  0x800'0c71         Code  Gb  cmain.o [3]
__exit                   0x800'0ca5   0x14  Code  Gb  exit.o [4]
__iar_Memset             0x800'099d         Code  Gb  ABImemset.o [3]
__iar_Memset_word        0x800'09a5         Code  Gb  ABImemset.o [3]
__iar_data_init3         0x800'0c39   0x28  Code  Gb  data_init.o [3]
__iar_packbits_init_single3
                         0x800'0c01   0x38  Code  Gb  packbits_init_single.o [3]
__iar_program_start      0x800'0d01         Code  Gb  cstartup_M.o [3]
__low_level_init         0x800'0c8f    0x4  Code  Gb  low_level_init.o [2]
__vector_table           0x800'0000         Data  Gb  startup_stm32f103xe.o [1]
_call_main               0x800'0c7d         Code  Gb  cmain.o [3]
_exit                    0x800'0c99         Code  Gb  cexit.o [3]
_main                    0x800'0c8b         Code  Gb  cmain.o [3]
data                    0x2000'0034    0x1  Data  Gb  IC_74AC165D.o [1]
exit                     0x800'0c93    0x4  Code  Gb  exit.o [2]
gpio_init                0x800'07e3   0x68  Code  Gb  gpio.o [1]
gpio_read                0x800'088f    0xa  Code  Gb  gpio.o [1]
gpio_write               0x800'0899   0x1c  Code  Gb  gpio.o [1]
ic_74AC165D_init         0x800'0b3d   0x26  Code  Gb  IC_74AC165D.o [1]
ic_74HC594_init          0x800'06c1   0x30  Code  Gb  IC_74HC594.o [1]
led_code                0x2000'0008    0xc  Data  Gb  IC_74HC594.o [1]
led_position            0x2000'0000    0x8  Data  Gb  IC_74HC594.o [1]
main                     0x800'0a1f   0x64  Code  Gb  main.o [1]
memset                   0x800'0987   0x14  Code  Gb  memset.o [3]
num                     0x2000'0028    0x4  Data  Gb  main.o [1]
quetled                  0x800'0799   0x4a  Code  Gb  IC_74HC594.o [1]
shiftIn                  0x800'0b63   0x4e  Code  Gb  IC_74AC165D.o [1]
state1                  0x2000'002c    0x4  Data  Gb  main.o [1]
state2                  0x2000'0030    0x4  Data  Gb  main.o [1]
system_clock_peripheral_init
                         0x800'08dd   0x4c  Code  Gb  clock.o [1]
time20ms                0x2000'0024    0x4  Data  Gb  main.o [1]
timer1_Init              0x800'0ab9   0x3a  Code  Gb  timer.o [1]
timer2_Init              0x800'0af3   0x3a  Code  Gb  timer.o [1]
uwTick                  0x2000'0018    0x4  Data  Gb  stm32f1xx_hal.o [1]
uwTickFreq              0x2000'0014    0x1  Data  Gb  stm32f1xx_hal.o [1]
uwTickPrio              0x2000'001c    0x4  Data  Gb  stm32f1xx_hal.o [1]


[1] = D:\STM32\thuchanhHK2\stm32f103vct6_source\EWARM\stm32f103vct6_source\Obj
[2] = dl7M_tln.a
[3] = rt7M_tl.a
[4] = shb_l.a

  3'560 bytes of readonly  code memory
     49 bytes of readonly  data memory
  1'077 bytes of readwrite data memory

Errors: none
Warnings: none
