###############################################################################
#
# IAR ELF Linker V8.40.2.214/W32 for ARM                  18/May/2023  15:59:06
# Copyright 2007-2019 IAR Systems AB.
#
#    Output file  =
#        D:\STM32\thuchanhHK2\stm32f103vct6_source\EWARM\stm32f103vct6_source\Exe\stm32f103vct6_source.out
#    Map file     =
#        D:\STM32\thuchanhHK2\stm32f103vct6_source\EWARM\stm32f103vct6_source\List\stm32f103vct6_source.map
#    Command line =
#        -f C:\Users\84921\AppData\Local\Temp\EWA2F.tmp
#        (D:\STM32\thuchanhHK2\stm32f103vct6_source\EWARM\stm32f103vct6_source\Obj\clock.o
#        D:\STM32\thuchanhHK2\stm32f103vct6_source\EWARM\stm32f103vct6_source\Obj\gpio.o
#        D:\STM32\thuchanhHK2\stm32f103vct6_source\EWARM\stm32f103vct6_source\Obj\IC_74AC165D.o
#        D:\STM32\thuchanhHK2\stm32f103vct6_source\EWARM\stm32f103vct6_source\Obj\IC_74HC594.o
#        D:\STM32\thuchanhHK2\stm32f103vct6_source\EWARM\stm32f103vct6_source\Obj\LCD_Lib.o
#        D:\STM32\thuchanhHK2\stm32f103vct6_source\EWARM\stm32f103vct6_source\Obj\main.o
#        D:\STM32\thuchanhHK2\stm32f103vct6_source\EWARM\stm32f103vct6_source\Obj\startup_stm32f103xe.o
#        D:\STM32\thuchanhHK2\stm32f103vct6_source\EWARM\stm32f103vct6_source\Obj\stm32f1xx_hal.o
#        D:\STM32\thuchanhHK2\stm32f103vct6_source\EWARM\stm32f103vct6_source\Obj\stm32f1xx_hal_cortex.o
#        D:\STM32\thuchanhHK2\stm32f103vct6_source\EWARM\stm32f103vct6_source\Obj\stm32f1xx_hal_dma.o
#        D:\STM32\thuchanhHK2\stm32f103vct6_source\EWARM\stm32f103vct6_source\Obj\stm32f1xx_hal_exti.o
#        D:\STM32\thuchanhHK2\stm32f103vct6_source\EWARM\stm32f103vct6_source\Obj\stm32f1xx_hal_flash.o
#        D:\STM32\thuchanhHK2\stm32f103vct6_source\EWARM\stm32f103vct6_source\Obj\stm32f1xx_hal_flash_ex.o
#        D:\STM32\thuchanhHK2\stm32f103vct6_source\EWARM\stm32f103vct6_source\Obj\stm32f1xx_hal_gpio.o
#        D:\STM32\thuchanhHK2\stm32f103vct6_source\EWARM\stm32f103vct6_source\Obj\stm32f1xx_hal_gpio_ex.o
#        D:\STM32\thuchanhHK2\stm32f103vct6_source\EWARM\stm32f103vct6_source\Obj\stm32f1xx_hal_msp.o
#        D:\STM32\thuchanhHK2\stm32f103vct6_source\EWARM\stm32f103vct6_source\Obj\stm32f1xx_hal_pwr.o
#        D:\STM32\thuchanhHK2\stm32f103vct6_source\EWARM\stm32f103vct6_source\Obj\stm32f1xx_hal_rcc.o
#        D:\STM32\thuchanhHK2\stm32f103vct6_source\EWARM\stm32f103vct6_source\Obj\stm32f1xx_hal_rcc_ex.o
#        D:\STM32\thuchanhHK2\stm32f103vct6_source\EWARM\stm32f103vct6_source\Obj\stm32f1xx_hal_tim.o
#        D:\STM32\thuchanhHK2\stm32f103vct6_source\EWARM\stm32f103vct6_source\Obj\stm32f1xx_hal_tim_ex.o
#        D:\STM32\thuchanhHK2\stm32f103vct6_source\EWARM\stm32f103vct6_source\Obj\stm32f1xx_it.o
#        D:\STM32\thuchanhHK2\stm32f103vct6_source\EWARM\stm32f103vct6_source\Obj\system_stm32f1xx.o
#        D:\STM32\thuchanhHK2\stm32f103vct6_source\EWARM\stm32f103vct6_source\Obj\timer.o
#        D:\STM32\thuchanhHK2\stm32f103vct6_source\EWARM\stm32f103vct6_source\Obj\uart.o
#        --redirect _Printf=_PrintfFull --redirect _Scanf=_ScanfFull
#        --no_out_extension -o
#        D:\STM32\thuchanhHK2\stm32f103vct6_source\EWARM\stm32f103vct6_source\Exe\stm32f103vct6_source.out
#        --map
#        D:\STM32\thuchanhHK2\stm32f103vct6_source\EWARM\stm32f103vct6_source\List\stm32f103vct6_source.map
#        --config
#        D:\STM32\thuchanhHK2\stm32f103vct6_source\EWARM/stm32f103xe_flash.icf
#        --semihosting --entry __iar_program_start --vfe --text_out locale)
#
###############################################################################

*******************************************************************************
*** RUNTIME MODEL ATTRIBUTES
***

CppFlavor       = *
__SystemLibrary = DLib
__dlib_version  = 6


*******************************************************************************
*** HEAP SELECTION
***

The basic heap was selected because no calls to memory allocation
functions were found in the application outside of system library
functions, and there are calls to deallocation functions in the
application.


*******************************************************************************
*** PLACEMENT SUMMARY
***

"A0":  place at address 0x800'0000 { ro section .intvec };
"P1":  place in [from 0x800'0000 to 0x807'ffff] { ro };
define block CSTACK with size = 1K, alignment = 8 { };
define block HEAP with size = 512, alignment = 8 { };
"P2":  place in [from 0x2000'0000 to 0x2000'ffff] {
          rw, block CSTACK, block HEAP };
initialize by copy { rw };

  Section            Kind         Address    Size  Object
  -------            ----         -------    ----  ------
"A0":                                       0x130
  .intvec            ro code   0x800'0000   0x130  startup_stm32f103xe.o [1]
                             - 0x800'0130   0x130

"P1":                                      0x109a
  .text              ro code   0x800'0130   0x496  stm32f1xx_hal_rcc.o [1]
  .text              ro code   0x800'05c8     0xc  stm32f1xx_hal.o [1]
  .text              ro code   0x800'05d4    0x40  stm32f1xx_hal.o [1]
  .text              ro code   0x800'0614    0xac  stm32f1xx_hal_cortex.o [1]
  .text              ro code   0x800'06c0   0x1e2  main.o [1]
  .text              ro code   0x800'08a2    0xd2  gpio.o [1]
  .text              ro code   0x800'0974    0x24  stm32f1xx_hal.o [1]
  .text              ro code   0x800'0998    0xb2  clock.o [1]
  .text              ro code   0x800'0a4c    0x84  timer.o [1]
  .text              ro code   0x800'0ad0    0x5c  uart.o [1]
  .text              ro code   0x800'0b2c    0x80  IC_74AC165D.o [1]
  .text              ro code   0x800'0bac   0x168  IC_74HC594.o [1]
  .text              ro code   0x800'0d14   0x1a6  LCD_Lib.o [1]
  .text              ro code   0x800'0ebc    0x44  stm32f1xx_hal_msp.o [1]
  .text              ro code   0x800'0f00    0x14  memset.o [3]
  .text              ro code   0x800'0f14    0x28  stm32f1xx_hal.o [1]
  .text              ro code   0x800'0f3c     0x8  stm32f1xx_hal_gpio.o [1]
  .text              ro code   0x800'0f44    0x66  ABImemset.o [3]
  .text              ro code   0x800'0faa    0x38  packbits_init_single.o [3]
  .text              ro code   0x800'0fe4    0x28  data_init.o [3]
  .iar.init_table    const     0x800'100c    0x10  - Linker created -
  .text              ro code   0x800'101c    0x1e  cmain.o [3]
  .text              ro code   0x800'103a     0x4  low_level_init.o [2]
  .text              ro code   0x800'103e     0x4  exit.o [2]
  .text              ro code   0x800'1044     0xa  cexit.o [3]
  .text              ro code   0x800'1050    0x14  exit.o [4]
  .text              ro code   0x800'1064    0x14  stm32f1xx_it.o [1]
  .text              ro code   0x800'1078    0x10  stm32f1xx_hal.o [1]
  .text              ro code   0x800'1088    0x14  system_stm32f1xx.o [1]
  .text              ro code   0x800'109c    0x10  startup_stm32f103xe.o [1]
  .text              ro code   0x800'10ac     0xc  cstartup_M.o [3]
  .text              ro code   0x800'10b8     0x4  startup_stm32f103xe.o [1]
  .text              ro code   0x800'10bc     0x4  startup_stm32f103xe.o [1]
  .text              ro code   0x800'10c0     0x4  startup_stm32f103xe.o [1]
  .text              ro code   0x800'10c4     0x4  startup_stm32f103xe.o [1]
  .text              ro code   0x800'10c8     0x4  startup_stm32f103xe.o [1]
  .text              ro code   0x800'10cc     0x4  startup_stm32f103xe.o [1]
  .text              ro code   0x800'10d0     0x4  startup_stm32f103xe.o [1]
  .text              ro code   0x800'10d4     0x4  startup_stm32f103xe.o [1]
  .text              ro code   0x800'10d8     0x4  startup_stm32f103xe.o [1]
  .text              ro code   0x800'10dc     0x4  startup_stm32f103xe.o [1]
  .text              ro code   0x800'10e0     0x4  startup_stm32f103xe.o [1]
  .text              ro code   0x800'10e4     0x4  startup_stm32f103xe.o [1]
  .text              ro code   0x800'10e8     0x4  startup_stm32f103xe.o [1]
  .text              ro code   0x800'10ec     0x4  startup_stm32f103xe.o [1]
  .text              ro code   0x800'10f0     0x4  startup_stm32f103xe.o [1]
  .text              ro code   0x800'10f4     0x4  startup_stm32f103xe.o [1]
  .text              ro code   0x800'10f8     0x4  startup_stm32f103xe.o [1]
  .text              ro code   0x800'10fc     0x4  startup_stm32f103xe.o [1]
  .text              ro code   0x800'1100     0x4  startup_stm32f103xe.o [1]
  .text              ro code   0x800'1104     0x4  startup_stm32f103xe.o [1]
  .text              ro code   0x800'1108     0x4  startup_stm32f103xe.o [1]
  .text              ro code   0x800'110c     0x4  startup_stm32f103xe.o [1]
  .text              ro code   0x800'1110     0x4  startup_stm32f103xe.o [1]
  .text              ro code   0x800'1114     0x4  startup_stm32f103xe.o [1]
  .text              ro code   0x800'1118     0x4  startup_stm32f103xe.o [1]
  .text              ro code   0x800'111c     0x4  startup_stm32f103xe.o [1]
  .text              ro code   0x800'1120     0x4  startup_stm32f103xe.o [1]
  .text              ro code   0x800'1124     0x4  startup_stm32f103xe.o [1]
  .text              ro code   0x800'1128     0x4  startup_stm32f103xe.o [1]
  .text              ro code   0x800'112c     0x4  startup_stm32f103xe.o [1]
  .text              ro code   0x800'1130     0x4  startup_stm32f103xe.o [1]
  .text              ro code   0x800'1134     0x4  startup_stm32f103xe.o [1]
  .text              ro code   0x800'1138     0x4  startup_stm32f103xe.o [1]
  .text              ro code   0x800'113c     0x4  startup_stm32f103xe.o [1]
  .text              ro code   0x800'1140     0x4  startup_stm32f103xe.o [1]
  .text              ro code   0x800'1144     0x4  startup_stm32f103xe.o [1]
  .text              ro code   0x800'1148     0x4  startup_stm32f103xe.o [1]
  .text              ro code   0x800'114c     0x4  startup_stm32f103xe.o [1]
  .text              ro code   0x800'1150     0x4  startup_stm32f103xe.o [1]
  .text              ro code   0x800'1154     0x4  startup_stm32f103xe.o [1]
  .text              ro code   0x800'1158     0x4  startup_stm32f103xe.o [1]
  .text              ro code   0x800'115c     0x4  startup_stm32f103xe.o [1]
  .text              ro code   0x800'1160     0x4  startup_stm32f103xe.o [1]
  .text              ro code   0x800'1164     0x4  startup_stm32f103xe.o [1]
  .text              ro code   0x800'1168     0x4  startup_stm32f103xe.o [1]
  .text              ro code   0x800'116c     0x4  startup_stm32f103xe.o [1]
  .text              ro code   0x800'1170     0x4  startup_stm32f103xe.o [1]
  .text              ro code   0x800'1174     0x4  startup_stm32f103xe.o [1]
  .text              ro code   0x800'1178     0x4  startup_stm32f103xe.o [1]
  .text              ro code   0x800'117c     0x4  startup_stm32f103xe.o [1]
  .text              ro code   0x800'1180     0x4  startup_stm32f103xe.o [1]
  .text              ro code   0x800'1184     0x4  startup_stm32f103xe.o [1]
  .text              ro code   0x800'1188     0x4  startup_stm32f103xe.o [1]
  .text              ro code   0x800'118c     0x4  startup_stm32f103xe.o [1]
  .text              ro code   0x800'1190     0x4  startup_stm32f103xe.o [1]
  .text              ro code   0x800'1194     0x4  startup_stm32f103xe.o [1]
  .text              ro code   0x800'1198     0x4  startup_stm32f103xe.o [1]
  .text              ro code   0x800'119c     0x4  startup_stm32f103xe.o [1]
  .rodata            const     0x800'11a0     0x0  packbits_init_single.o [3]
  Initializer bytes  const     0x800'11a0    0x2a  <for P2-1>
                             - 0x800'11ca  0x109a

"P2", part 1 of 2:                           0xa5
  P2-1                        0x2000'0000    0xa5  <Init block>
    .data            inited   0x2000'0000    0x14  IC_74HC594.o [1]
    .data            inited   0x2000'0014    0x80  main.o [1]
    .data            inited   0x2000'0094     0xc  stm32f1xx_hal.o [1]
    .data            inited   0x2000'00a0     0x4  system_stm32f1xx.o [1]
    .bss             inited   0x2000'00a4     0x1  IC_74AC165D.o [1]
                            - 0x2000'00a5    0xa5

"P2", part 2 of 2:                          0x400
  CSTACK                      0x2000'00a8   0x400  <Block>
    CSTACK           uninit   0x2000'00a8   0x400  <Block tail>
                            - 0x2000'04a8   0x400

Unused ranges:

         From           To      Size
         ----           --      ----
   0x800'11ca   0x807'ffff  0x7'ee36
  0x2000'00a5  0x2000'00a7       0x3
  0x2000'04a8  0x2000'ffff    0xfb58


*******************************************************************************
*** INIT TABLE
***

          Address      Size
          -------      ----
Copy/packbits (__iar_packbits_init_single3)
    1 source range, total size 0x2a (25% of destination):
           0x800'11a0  0x2a
    1 destination range, total size 0xa5:
          0x2000'0000  0xa5



*******************************************************************************
*** MODULE SUMMARY
***

    Module                  ro code  ro data  rw data
    ------                  -------  -------  -------
command line/config:
    -------------------------------------------------
    Total:

D:\STM32\thuchanhHK2\stm32f103vct6_source\EWARM\stm32f103vct6_source\Obj: [1]
    IC_74AC165D.o               128                 1
    IC_74HC594.o                360        5       20
    LCD_Lib.o                   422
    clock.o                     178
    gpio.o                      210
    main.o                      482       32      128
    startup_stm32f103xe.o       552
    stm32f1xx_hal.o             168        3       12
    stm32f1xx_hal_cortex.o      172
    stm32f1xx_hal_gpio.o          8
    stm32f1xx_hal_msp.o          68
    stm32f1xx_hal_rcc.o       1'174
    stm32f1xx_it.o               20
    system_stm32f1xx.o           20        1        4
    timer.o                     132
    uart.o                       92
    -------------------------------------------------
    Total:                    4'186       41      165

dl7M_tlf.a: [2]
    exit.o                        4
    low_level_init.o              4
    -------------------------------------------------
    Total:                        8

rt7M_tl.a: [3]
    ABImemset.o                 102
    cexit.o                      10
    cmain.o                      30
    cstartup_M.o                 12
    data_init.o                  40
    memset.o                     20
    packbits_init_single.o       56
    -------------------------------------------------
    Total:                      270

shb_l.a: [4]
    exit.o                       20
    -------------------------------------------------
    Total:                       20

    Gaps                         12
    Linker created                        17    1'024
-----------------------------------------------------
    Grand Total:              4'496       58    1'189


*******************************************************************************
*** ENTRY LIST
***

Entry                       Address   Size  Type      Object
-----                       -------   ----  ----      ------
.iar.init_table$$Base    0x800'100c          --   Gb  - Linker created -
.iar.init_table$$Limit   0x800'101c          --   Gb  - Linker created -
?main                    0x800'101d         Code  Gb  cmain.o [3]
AHBPrescTable            0x800'108c   0x10  Data  Gb  system_stm32f1xx.o [1]
BusFault_Handler         0x800'106b    0x2  Code  Gb  stm32f1xx_it.o [1]
CLCD_4BIT_Init           0x800'0de5   0xce  Code  Gb  LCD_Lib.o [1]
CLCD_Delay               0x800'0d15    0x4  Code  Lc  LCD_Lib.o [1]
CLCD_Write4              0x800'0d19   0x9a  Code  Lc  LCD_Lib.o [1]
CSTACK$$Base            0x2000'00a8          --   Gb  - Linker created -
CSTACK$$Limit           0x2000'04a8          --   Gb  - Linker created -
DebugMon_Handler         0x800'1071    0x2  Code  Gb  stm32f1xx_it.o [1]
HAL_Delay                0x800'0f15   0x28  Code  Wk  stm32f1xx_hal.o [1]
HAL_GPIO_WritePin        0x800'0f3d    0x8  Code  Gb  stm32f1xx_hal_gpio.o [1]
HAL_GetTick              0x800'05c9    0xc  Code  Wk  stm32f1xx_hal.o [1]
HAL_IncTick              0x800'1079   0x10  Code  Wk  stm32f1xx_hal.o [1]
HAL_Init                 0x800'0975   0x20  Code  Gb  stm32f1xx_hal.o [1]
HAL_InitTick             0x800'05d5   0x40  Code  Wk  stm32f1xx_hal.o [1]
HAL_MspInit              0x800'0ebd   0x44  Code  Gb  stm32f1xx_hal_msp.o [1]
HAL_NVIC_SetPriority     0x800'0649   0x3a  Code  Gb  stm32f1xx_hal_cortex.o [1]
HAL_NVIC_SetPriorityGrouping
                         0x800'062f   0x1a  Code  Gb  stm32f1xx_hal_cortex.o [1]
HAL_RCC_ClockConfig      0x800'0445   0xf4  Code  Gb  stm32f1xx_hal_rcc.o [1]
HAL_RCC_GetSysClockFreq
                         0x800'054d   0x3a  Code  Gb  stm32f1xx_hal_rcc.o [1]
HAL_RCC_GetSysClockFreq::aPLLMULFactorTable
                         0x800'05b4   0x10  Data  Lc  stm32f1xx_hal_rcc.o [1]
HAL_RCC_GetSysClockFreq::aPredivFactorTable
                         0x800'05c4    0x2  Data  Lc  stm32f1xx_hal_rcc.o [1]
HAL_RCC_OscConfig        0x800'0131  0x30c  Code  Gb  stm32f1xx_hal_rcc.o [1]
HAL_SYSTICK_Config       0x800'0683   0x28  Code  Gb  stm32f1xx_hal_cortex.o [1]
HardFault_Handler        0x800'1067    0x2  Code  Gb  stm32f1xx_it.o [1]
LCD1                    0x2000'003c   0x58  Data  Gb  main.o [1]
LED74HC594               0x800'0bdd   0x88  Code  Gb  IC_74HC594.o [1]
MemManage_Handler        0x800'1069    0x2  Code  Gb  stm32f1xx_it.o [1]
NMI_Handler              0x800'1065    0x2  Code  Gb  stm32f1xx_it.o [1]
PendSV_Handler           0x800'1073    0x2  Code  Gb  stm32f1xx_it.o [1]
Region$$Table$$Base      0x800'100c          --   Gb  - Linker created -
Region$$Table$$Limit     0x800'101c          --   Gb  - Linker created -
SVC_Handler              0x800'106f    0x2  Code  Gb  stm32f1xx_it.o [1]
SysTick_Handler          0x800'1075    0x4  Code  Gb  stm32f1xx_it.o [1]
SystemClock_Config       0x800'09f1   0x5a  Code  Gb  clock.o [1]
SystemCoreClock         0x2000'00a0    0x4  Data  Gb  system_stm32f1xx.o [1]
SystemInit               0x800'1089    0x2  Code  Gb  system_stm32f1xx.o [1]
TIM1_UP_IRQHandler       0x800'06c1   0xb6  Code  Gb  main.o [1]
USART1_IRQHandler        0x800'0777   0x58  Code  Gb  main.o [1]
Uart1                   0x2000'0014    0x8  Data  Gb  main.o [1]
UsageFault_Handler       0x800'106d    0x2  Code  Gb  stm32f1xx_it.o [1]
__NVIC_SetPriority       0x800'0615   0x1a  Code  Lc  stm32f1xx_hal_cortex.o [1]
__aeabi_memset           0x800'0f45         Code  Gb  ABImemset.o [3]
__cmain                  0x800'101d         Code  Gb  cmain.o [3]
__exit                   0x800'1051   0x14  Code  Gb  exit.o [4]
__iar_Memset             0x800'0f45         Code  Gb  ABImemset.o [3]
__iar_Memset_word        0x800'0f4d         Code  Gb  ABImemset.o [3]
__iar_data_init3         0x800'0fe5   0x28  Code  Gb  data_init.o [3]
__iar_packbits_init_single3
                         0x800'0fab   0x38  Code  Gb  packbits_init_single.o [3]
__iar_program_start      0x800'10ad         Code  Gb  cstartup_M.o [3]
__low_level_init         0x800'103b    0x4  Code  Gb  low_level_init.o [2]
__vector_table           0x800'0000         Data  Gb  startup_stm32f103xe.o [1]
_call_main               0x800'1029         Code  Gb  cmain.o [3]
_exit                    0x800'1045         Code  Gb  cexit.o [3]
_main                    0x800'1037         Code  Gb  cmain.o [3]
count                   0x2000'001c    0x4  Data  Gb  main.o [1]
data                    0x2000'00a4    0x1  Data  Gb  IC_74AC165D.o [1]
exit                     0x800'103f    0x4  Code  Gb  exit.o [2]
giay                    0x2000'0038    0x4  Data  Gb  main.o [1]
gpio_init                0x800'08a3   0x68  Code  Gb  gpio.o [1]
gpio_read                0x800'094f    0xa  Code  Gb  gpio.o [1]
gpio_write               0x800'0959   0x1c  Code  Gb  gpio.o [1]
ic_74AC165D_init         0x800'0b2d   0x26  Code  Gb  IC_74AC165D.o [1]
ic_74HC594_init          0x800'0bad   0x30  Code  Gb  IC_74HC594.o [1]
led_code                0x2000'0008    0xc  Data  Gb  IC_74HC594.o [1]
led_position            0x2000'0000    0x8  Data  Gb  IC_74HC594.o [1]
main                     0x800'07cf   0xb6  Code  Gb  main.o [1]
memset                   0x800'0f01   0x14  Code  Gb  memset.o [3]
num                     0x2000'0028    0x4  Data  Gb  main.o [1]
phut                    0x2000'0034    0x4  Data  Gb  main.o [1]
quetled                  0x800'0c85   0x8a  Code  Gb  IC_74HC594.o [1]
shiftIn                  0x800'0b53   0x4e  Code  Gb  IC_74AC165D.o [1]
state1                  0x2000'002c    0x4  Data  Gb  main.o [1]
state2                  0x2000'0030    0x4  Data  Gb  main.o [1]
system_clock_peripheral_init
                         0x800'0999   0x54  Code  Gb  clock.o [1]
temp_giay               0x2000'0024    0x4  Data  Gb  main.o [1]
temp_phut               0x2000'0020    0x4  Data  Gb  main.o [1]
timer1_Init              0x800'0a4d   0x3a  Code  Gb  timer.o [1]
timer2_Init              0x800'0a87   0x3a  Code  Gb  timer.o [1]
uart1_init               0x800'0ad1   0x50  Code  Gb  uart.o [1]
uwTick                  0x2000'0098    0x4  Data  Gb  stm32f1xx_hal.o [1]
uwTickFreq              0x2000'0094    0x1  Data  Gb  stm32f1xx_hal.o [1]
uwTickPrio              0x2000'009c    0x4  Data  Gb  stm32f1xx_hal.o [1]


[1] = D:\STM32\thuchanhHK2\stm32f103vct6_source\EWARM\stm32f103vct6_source\Obj
[2] = dl7M_tlf.a
[3] = rt7M_tl.a
[4] = shb_l.a

  4'496 bytes of readonly  code memory
     58 bytes of readonly  data memory
  1'189 bytes of readwrite data memory

Errors: none
Warnings: none
