###############################################################################
#
# IAR ELF Linker V8.40.2.214/W32 for ARM                  18/May/2023  15:42:56
# Copyright 2007-2019 IAR Systems AB.
#
#    Output file  =
#        D:\STM32\thuchanhHK2\stm32f103vct6_source\EWARM\stm32f103vct6_source\Exe\stm32f103vct6_source.out
#    Map file     =
#        D:\STM32\thuchanhHK2\stm32f103vct6_source\EWARM\stm32f103vct6_source\List\stm32f103vct6_source.map
#    Command line =
#        -f C:\Users\84921\AppData\Local\Temp\EW3A7A.tmp
#        (D:\STM32\thuchanhHK2\stm32f103vct6_source\EWARM\stm32f103vct6_source\Obj\clock.o
#        D:\STM32\thuchanhHK2\stm32f103vct6_source\EWARM\stm32f103vct6_source\Obj\gpio.o
#        D:\STM32\thuchanhHK2\stm32f103vct6_source\EWARM\stm32f103vct6_source\Obj\IC_74AC165D.o
#        D:\STM32\thuchanhHK2\stm32f103vct6_source\EWARM\stm32f103vct6_source\Obj\IC_74HC594.o
#        D:\STM32\thuchanhHK2\stm32f103vct6_source\EWARM\stm32f103vct6_source\Obj\LCD_Lib.o
#        D:\STM32\thuchanhHK2\stm32f103vct6_source\EWARM\stm32f103vct6_source\Obj\main.o
#        D:\STM32\thuchanhHK2\stm32f103vct6_source\EWARM\stm32f103vct6_source\Obj\startup_stm32f103xe.o
#        D:\STM32\thuchanhHK2\stm32f103vct6_source\EWARM\stm32f103vct6_source\Obj\stm32f1xx_hal.o
#        D:\STM32\thuchanhHK2\stm32f103vct6_source\EWARM\stm32f103vct6_source\Obj\stm32f1xx_hal_cortex.o
#        D:\STM32\thuchanhHK2\stm32f103vct6_source\EWARM\stm32f103vct6_source\Obj\stm32f1xx_hal_dma.o
#        D:\STM32\thuchanhHK2\stm32f103vct6_source\EWARM\stm32f103vct6_source\Obj\stm32f1xx_hal_exti.o
#        D:\STM32\thuchanhHK2\stm32f103vct6_source\EWARM\stm32f103vct6_source\Obj\stm32f1xx_hal_flash.o
#        D:\STM32\thuchanhHK2\stm32f103vct6_source\EWARM\stm32f103vct6_source\Obj\stm32f1xx_hal_flash_ex.o
#        D:\STM32\thuchanhHK2\stm32f103vct6_source\EWARM\stm32f103vct6_source\Obj\stm32f1xx_hal_gpio.o
#        D:\STM32\thuchanhHK2\stm32f103vct6_source\EWARM\stm32f103vct6_source\Obj\stm32f1xx_hal_gpio_ex.o
#        D:\STM32\thuchanhHK2\stm32f103vct6_source\EWARM\stm32f103vct6_source\Obj\stm32f1xx_hal_msp.o
#        D:\STM32\thuchanhHK2\stm32f103vct6_source\EWARM\stm32f103vct6_source\Obj\stm32f1xx_hal_pwr.o
#        D:\STM32\thuchanhHK2\stm32f103vct6_source\EWARM\stm32f103vct6_source\Obj\stm32f1xx_hal_rcc.o
#        D:\STM32\thuchanhHK2\stm32f103vct6_source\EWARM\stm32f103vct6_source\Obj\stm32f1xx_hal_rcc_ex.o
#        D:\STM32\thuchanhHK2\stm32f103vct6_source\EWARM\stm32f103vct6_source\Obj\stm32f1xx_hal_tim.o
#        D:\STM32\thuchanhHK2\stm32f103vct6_source\EWARM\stm32f103vct6_source\Obj\stm32f1xx_hal_tim_ex.o
#        D:\STM32\thuchanhHK2\stm32f103vct6_source\EWARM\stm32f103vct6_source\Obj\stm32f1xx_it.o
#        D:\STM32\thuchanhHK2\stm32f103vct6_source\EWARM\stm32f103vct6_source\Obj\system_stm32f1xx.o
#        D:\STM32\thuchanhHK2\stm32f103vct6_source\EWARM\stm32f103vct6_source\Obj\timer.o
#        D:\STM32\thuchanhHK2\stm32f103vct6_source\EWARM\stm32f103vct6_source\Obj\uart.o
#        --redirect _Printf=_PrintfFull --redirect _Scanf=_ScanfFull
#        --no_out_extension -o
#        D:\STM32\thuchanhHK2\stm32f103vct6_source\EWARM\stm32f103vct6_source\Exe\stm32f103vct6_source.out
#        --map
#        D:\STM32\thuchanhHK2\stm32f103vct6_source\EWARM\stm32f103vct6_source\List\stm32f103vct6_source.map
#        --config
#        D:\STM32\thuchanhHK2\stm32f103vct6_source\EWARM/stm32f103xe_flash.icf
#        --semihosting --entry __iar_program_start --vfe --text_out locale)
#
###############################################################################

*******************************************************************************
*** RUNTIME MODEL ATTRIBUTES
***

CppFlavor       = *
__SystemLibrary = DLib
__dlib_version  = 6


*******************************************************************************
*** HEAP SELECTION
***

The basic heap was selected because no calls to memory allocation
functions were found in the application outside of system library
functions, and there are calls to deallocation functions in the
application.


*******************************************************************************
*** PLACEMENT SUMMARY
***

"A0":  place at address 0x800'0000 { ro section .intvec };
"P1":  place in [from 0x800'0000 to 0x807'ffff] { ro };
define block CSTACK with size = 1K, alignment = 8 { };
define block HEAP with size = 512, alignment = 8 { };
"P2":  place in [from 0x2000'0000 to 0x2000'ffff] {
          rw, block CSTACK, block HEAP };
initialize by copy { rw };

  Section            Kind         Address    Size  Object
  -------            ----         -------    ----  ------
"A0":                                       0x130
  .intvec            ro code   0x800'0000   0x130  startup_stm32f103xe.o [1]
                             - 0x800'0130   0x130

"P1":                                      0x301c
  .text              ro code   0x800'0130  0x10c6  xprintffull.o [2]
  .text              ro code   0x800'11f6    0x1e  xencoding_8859_1.o [2]
  .text              ro code   0x800'1214    0x7c  xlocale_c.o [2]
  .text              ro code   0x800'1290    0x16  strchr.o [4]
  .text              ro code   0x800'12a6     0xa  xsprout.o [2]
  .text              ro code   0x800'12b0    0x40  xfail_s.o [2]
  .text              ro code   0x800'12f0    0x36  strlen.o [4]
  .rodata            const     0x800'1326     0x2  xlocale_c.o [2]
  .text              ro code   0x800'1328    0x58  memchr.o [4]
  .text              ro code   0x800'1380    0xa6  ABImemcpy.o [4]
  .rodata            const     0x800'1426     0x2  xlocale_c.o [2]
  .text              ro code   0x800'1428    0x70  frexp.o [3]
  .text              ro code   0x800'1498    0x2e  DblCmpLe.o [3]
  .rodata            const     0x800'14c6     0x1  xlocale_c.o [2]
  .text              ro code   0x800'14c8    0x2e  DblCmpGe.o [3]
  .text              ro code   0x800'14f8   0x13a  ldexp.o [3]
  .text              ro code   0x800'1634    0x3a  DblToS32.o [3]
  .text              ro code   0x800'1670    0x22  S32ToDbl.o [3]
  .text              ro code   0x800'1694    0xe2  DblSub.o [3]
  .text              ro code   0x800'1778   0x246  DblDiv.o [3]
  .text              ro code   0x800'19c0    0x28  DblToU32.o [3]
  .text              ro code   0x800'19e8    0x1a  U32ToDbl.o [3]
  .text              ro code   0x800'1a04   0x1a2  DblMul.o [3]
  .text              ro code   0x800'1ba6     0xa  xmbcurmax.o [2]
  .text              ro code   0x800'1bb0   0x230  I64DivMod.o [4]
  .text              ro code   0x800'1de0     0x6  abort.o [2]
  .text              ro code   0x800'1de8   0x16a  DblAdd.o [3]
  .text              ro code   0x800'1f54     0x2  I64DivZer.o [4]
  .text              ro code   0x800'1f58    0x14  exit.o [5]
  .text              ro code   0x800'1f6c   0x496  stm32f1xx_hal_rcc.o [1]
  .text              ro code   0x800'2404     0xc  stm32f1xx_hal.o [1]
  .text              ro code   0x800'2410    0x40  stm32f1xx_hal.o [1]
  .text              ro code   0x800'2450    0xac  stm32f1xx_hal_cortex.o [1]
  .text              ro code   0x800'24fc   0x2d8  main.o [1]
  .text              ro code   0x800'27d4    0xd2  gpio.o [1]
  .text              ro code   0x800'28a8    0x24  stm32f1xx_hal.o [1]
  .text              ro code   0x800'28cc    0xb2  clock.o [1]
  .text              ro code   0x800'2980    0x84  timer.o [1]
  .text              ro code   0x800'2a04    0x5c  uart.o [1]
  .text              ro code   0x800'2a60    0x80  IC_74AC165D.o [1]
  .text              ro code   0x800'2ae0    0x38  IC_74HC594.o [1]
  .text              ro code   0x800'2b18   0x2a0  LCD_Lib.o [1]
  .text              ro code   0x800'2db8    0x40  sprintf.o [2]
  .text              ro code   0x800'2df8    0x44  stm32f1xx_hal_msp.o [1]
  .text              ro code   0x800'2e3c    0x14  memset.o [4]
  .text              ro code   0x800'2e50    0x28  stm32f1xx_hal.o [1]
  .text              ro code   0x800'2e78     0x8  stm32f1xx_hal_gpio.o [1]
  .text              ro code   0x800'2e80    0x66  ABImemset.o [4]
  .text              ro code   0x800'2ee6    0x78  lz77_init_single.o [4]
  .text              ro code   0x800'2f60    0x28  data_init.o [4]
  .iar.init_table    const     0x800'2f88    0x10  - Linker created -
  .text              ro code   0x800'2f98    0x1e  cmain.o [4]
  .text              ro code   0x800'2fb6     0x4  low_level_init.o [2]
  .text              ro code   0x800'2fba     0x4  exit.o [2]
  .text              ro code   0x800'2fc0     0xa  cexit.o [4]
  .text              ro code   0x800'2fca    0x14  stm32f1xx_it.o [1]
  .text              ro code   0x800'2fe0    0x10  stm32f1xx_hal.o [1]
  .text              ro code   0x800'2ff0    0x14  system_stm32f1xx.o [1]
  .text              ro code   0x800'3004    0x10  startup_stm32f103xe.o [1]
  .text              ro code   0x800'3014     0xc  cstartup_M.o [4]
  .text              ro code   0x800'3020     0x4  startup_stm32f103xe.o [1]
  .text              ro code   0x800'3024     0x4  startup_stm32f103xe.o [1]
  .text              ro code   0x800'3028     0x4  startup_stm32f103xe.o [1]
  .text              ro code   0x800'302c     0x4  startup_stm32f103xe.o [1]
  .text              ro code   0x800'3030     0x4  startup_stm32f103xe.o [1]
  .text              ro code   0x800'3034     0x4  startup_stm32f103xe.o [1]
  .text              ro code   0x800'3038     0x4  startup_stm32f103xe.o [1]
  .text              ro code   0x800'303c     0x4  startup_stm32f103xe.o [1]
  .text              ro code   0x800'3040     0x4  startup_stm32f103xe.o [1]
  .text              ro code   0x800'3044     0x4  startup_stm32f103xe.o [1]
  .text              ro code   0x800'3048     0x4  startup_stm32f103xe.o [1]
  .text              ro code   0x800'304c     0x4  startup_stm32f103xe.o [1]
  .text              ro code   0x800'3050     0x4  startup_stm32f103xe.o [1]
  .text              ro code   0x800'3054     0x4  startup_stm32f103xe.o [1]
  .text              ro code   0x800'3058     0x4  startup_stm32f103xe.o [1]
  .text              ro code   0x800'305c     0x4  startup_stm32f103xe.o [1]
  .text              ro code   0x800'3060     0x4  startup_stm32f103xe.o [1]
  .text              ro code   0x800'3064     0x4  startup_stm32f103xe.o [1]
  .text              ro code   0x800'3068     0x4  startup_stm32f103xe.o [1]
  .text              ro code   0x800'306c     0x4  startup_stm32f103xe.o [1]
  .text              ro code   0x800'3070     0x4  startup_stm32f103xe.o [1]
  .text              ro code   0x800'3074     0x4  startup_stm32f103xe.o [1]
  .text              ro code   0x800'3078     0x4  startup_stm32f103xe.o [1]
  .text              ro code   0x800'307c     0x4  startup_stm32f103xe.o [1]
  .text              ro code   0x800'3080     0x4  startup_stm32f103xe.o [1]
  .text              ro code   0x800'3084     0x4  startup_stm32f103xe.o [1]
  .text              ro code   0x800'3088     0x4  startup_stm32f103xe.o [1]
  .text              ro code   0x800'308c     0x4  startup_stm32f103xe.o [1]
  .text              ro code   0x800'3090     0x4  startup_stm32f103xe.o [1]
  .text              ro code   0x800'3094     0x4  startup_stm32f103xe.o [1]
  .text              ro code   0x800'3098     0x4  startup_stm32f103xe.o [1]
  .text              ro code   0x800'309c     0x4  startup_stm32f103xe.o [1]
  .text              ro code   0x800'30a0     0x4  startup_stm32f103xe.o [1]
  .text              ro code   0x800'30a4     0x4  startup_stm32f103xe.o [1]
  .text              ro code   0x800'30a8     0x4  startup_stm32f103xe.o [1]
  .text              ro code   0x800'30ac     0x4  startup_stm32f103xe.o [1]
  .text              ro code   0x800'30b0     0x4  startup_stm32f103xe.o [1]
  .text              ro code   0x800'30b4     0x4  startup_stm32f103xe.o [1]
  .text              ro code   0x800'30b8     0x4  startup_stm32f103xe.o [1]
  .text              ro code   0x800'30bc     0x4  startup_stm32f103xe.o [1]
  .text              ro code   0x800'30c0     0x4  startup_stm32f103xe.o [1]
  .text              ro code   0x800'30c4     0x4  startup_stm32f103xe.o [1]
  .text              ro code   0x800'30c8     0x4  startup_stm32f103xe.o [1]
  .text              ro code   0x800'30cc     0x4  startup_stm32f103xe.o [1]
  .text              ro code   0x800'30d0     0x4  startup_stm32f103xe.o [1]
  .text              ro code   0x800'30d4     0x4  startup_stm32f103xe.o [1]
  .text              ro code   0x800'30d8     0x4  startup_stm32f103xe.o [1]
  .text              ro code   0x800'30dc     0x4  startup_stm32f103xe.o [1]
  .text              ro code   0x800'30e0     0x4  startup_stm32f103xe.o [1]
  .text              ro code   0x800'30e4     0x4  startup_stm32f103xe.o [1]
  .text              ro code   0x800'30e8     0x4  startup_stm32f103xe.o [1]
  .text              ro code   0x800'30ec     0x4  startup_stm32f103xe.o [1]
  .text              ro code   0x800'30f0     0x4  startup_stm32f103xe.o [1]
  .text              ro code   0x800'30f4     0x4  startup_stm32f103xe.o [1]
  .text              ro code   0x800'30f8     0x4  startup_stm32f103xe.o [1]
  .text              ro code   0x800'30fc     0x4  startup_stm32f103xe.o [1]
  .text              ro code   0x800'3100     0x4  startup_stm32f103xe.o [1]
  .text              ro code   0x800'3104     0x4  startup_stm32f103xe.o [1]
  .rodata            const     0x800'3108     0x0  lz77_init_single.o [4]
  Initializer bytes  const     0x800'3108    0x44  <for P2-1>
                             - 0x800'314c  0x301c

"P2", part 1 of 2:                          0x12d
  P2-1                        0x2000'0000   0x12d  <Init block>
    .data            inited   0x2000'0000    0x98  main.o [1]
    .data            inited   0x2000'0098     0xc  stm32f1xx_hal.o [1]
    .data            inited   0x2000'00a4     0x4  system_stm32f1xx.o [1]
    .data            inited   0x2000'00a8    0x38  xlocale_c.o [2]
    .data            inited   0x2000'00e0    0x48  xlocale_c.o [2]
    .bss             inited   0x2000'0128     0x4  xfail_s.o [2]
    .bss             inited   0x2000'012c     0x1  IC_74AC165D.o [1]
                            - 0x2000'012d   0x12d

"P2", part 2 of 2:                          0x400
  CSTACK                      0x2000'0130   0x400  <Block>
    CSTACK           uninit   0x2000'0130   0x400  <Block tail>
                            - 0x2000'0530   0x400

Unused ranges:

         From           To      Size
         ----           --      ----
   0x800'314c   0x807'ffff  0x7'ceb4
  0x2000'012d  0x2000'012f       0x3
  0x2000'0530  0x2000'ffff    0xfad0


*******************************************************************************
*** INIT TABLE
***

          Address      Size
          -------      ----
Copy/lz77 (__iar_lz77_init_single3)
    1 source range, total size 0x44 (22% of destination):
           0x800'3108   0x44
    1 destination range, total size 0x12d:
          0x2000'0000  0x12d



*******************************************************************************
*** MODULE SUMMARY
***

    Module                  ro code  ro data  rw data
    ------                  -------  -------  -------
command line/config:
    -------------------------------------------------
    Total:

D:\STM32\thuchanhHK2\stm32f103vct6_source\EWARM\stm32f103vct6_source\Obj: [1]
    IC_74AC165D.o               128        1        1
    IC_74HC594.o                 56
    LCD_Lib.o                   672
    clock.o                     178
    gpio.o                      210
    main.o                      728       34      152
    startup_stm32f103xe.o       552
    stm32f1xx_hal.o             168        3       12
    stm32f1xx_hal_cortex.o      172
    stm32f1xx_hal_gpio.o          8
    stm32f1xx_hal_msp.o          68
    stm32f1xx_hal_rcc.o       1'174
    stm32f1xx_it.o               20
    system_stm32f1xx.o           20                 4
    timer.o                     132
    uart.o                       92
    -------------------------------------------------
    Total:                    4'378       38      169

dl7M_tlf.a: [2]
    abort.o                       6
    exit.o                        4
    low_level_init.o              4
    sprintf.o                    64
    xencoding_8859_1.o           30
    xfail_s.o                    64        1        4
    xlocale_c.o                 124       34      128
    xmbcurmax.o                  10
    xprintffull.o             4'294
    xsprout.o                    10
    -------------------------------------------------
    Total:                    4'610       35      132

m7M_tl.a: [3]
    DblAdd.o                    362
    DblCmpGe.o                   46
    DblCmpLe.o                   46
    DblDiv.o                    582
    DblMul.o                    418
    DblSub.o                    226
    DblToS32.o                   58
    DblToU32.o                   40
    S32ToDbl.o                   34
    U32ToDbl.o                   26
    frexp.o                     112
    ldexp.o                     314
    -------------------------------------------------
    Total:                    2'264

rt7M_tl.a: [4]
    ABImemcpy.o                 166
    ABImemset.o                 102
    I64DivMod.o                 560
    I64DivZer.o                   2
    cexit.o                      10
    cmain.o                      30
    cstartup_M.o                 12
    data_init.o                  40
    lz77_init_single.o          120
    memchr.o                     88
    memset.o                     20
    strchr.o                     22
    strlen.o                     54
    -------------------------------------------------
    Total:                    1'226

shb_l.a: [5]
    exit.o                       20
    -------------------------------------------------
    Total:                       20

    Gaps                         33
    Linker created                        16    1'024
-----------------------------------------------------
    Grand Total:             12'531       89    1'325


*******************************************************************************
*** ENTRY LIST
***

Entry                       Address   Size  Type      Object
-----                       -------   ----  ----      ------
.iar.init_table$$Base    0x800'2f88          --   Gb  - Linker created -
.iar.init_table$$Limit   0x800'2f98          --   Gb  - Linker created -
?main                    0x800'2f99         Code  Gb  cmain.o [4]
AHBPrescTable            0x800'2ff4   0x10  Data  Gb  system_stm32f1xx.o [1]
BusFault_Handler         0x800'2fd1    0x2  Code  Gb  stm32f1xx_it.o [1]
CLCD_4BIT_Init           0x800'2c69   0xce  Code  Gb  LCD_Lib.o [1]
CLCD_Delay               0x800'2b19    0x4  Code  Lc  LCD_Lib.o [1]
CLCD_SetCursor           0x800'2d41   0x42  Code  Gb  LCD_Lib.o [1]
CLCD_Write4              0x800'2b9d   0x9a  Code  Lc  LCD_Lib.o [1]
CLCD_Write8              0x800'2b1d   0x80  Code  Lc  LCD_Lib.o [1]
CLCD_WriteChar           0x800'2d83   0x18  Code  Gb  LCD_Lib.o [1]
CLCD_WriteString         0x800'2d9b   0x1a  Code  Gb  LCD_Lib.o [1]
CSTACK$$Base            0x2000'0130          --   Gb  - Linker created -
CSTACK$$Limit           0x2000'0530          --   Gb  - Linker created -
CacheMore                0x800'1219   0x28  Code  Lc  xlocale_c.o [2]
DebugMon_Handler         0x800'2fd7    0x2  Code  Gb  stm32f1xx_it.o [1]
HAL_Delay                0x800'2e51   0x28  Code  Wk  stm32f1xx_hal.o [1]
HAL_GPIO_WritePin        0x800'2e79    0x8  Code  Gb  stm32f1xx_hal_gpio.o [1]
HAL_GetTick              0x800'2405    0xc  Code  Wk  stm32f1xx_hal.o [1]
HAL_IncTick              0x800'2fe1   0x10  Code  Wk  stm32f1xx_hal.o [1]
HAL_Init                 0x800'28a9   0x20  Code  Gb  stm32f1xx_hal.o [1]
HAL_InitTick             0x800'2411   0x40  Code  Wk  stm32f1xx_hal.o [1]
HAL_MspInit              0x800'2df9   0x44  Code  Gb  stm32f1xx_hal_msp.o [1]
HAL_NVIC_SetPriority     0x800'2485   0x3a  Code  Gb  stm32f1xx_hal_cortex.o [1]
HAL_NVIC_SetPriorityGrouping
                         0x800'246b   0x1a  Code  Gb  stm32f1xx_hal_cortex.o [1]
HAL_RCC_ClockConfig      0x800'2281   0xf4  Code  Gb  stm32f1xx_hal_rcc.o [1]
HAL_RCC_GetSysClockFreq
                         0x800'2389   0x3a  Code  Gb  stm32f1xx_hal_rcc.o [1]
HAL_RCC_GetSysClockFreq::aPLLMULFactorTable
                         0x800'23f0   0x10  Data  Lc  stm32f1xx_hal_rcc.o [1]
HAL_RCC_GetSysClockFreq::aPredivFactorTable
                         0x800'2400    0x2  Data  Lc  stm32f1xx_hal_rcc.o [1]
HAL_RCC_OscConfig        0x800'1f6d  0x30c  Code  Gb  stm32f1xx_hal_rcc.o [1]
HAL_SYSTICK_Config       0x800'24bf   0x28  Code  Gb  stm32f1xx_hal_cortex.o [1]
HardFault_Handler        0x800'2fcd    0x2  Code  Gb  stm32f1xx_it.o [1]
LCD1                    0x2000'0030   0x58  Data  Gb  main.o [1]
MemManage_Handler        0x800'2fcf    0x2  Code  Gb  stm32f1xx_it.o [1]
NMI_Handler              0x800'2fcb    0x2  Code  Gb  stm32f1xx_it.o [1]
PendSV_Handler           0x800'2fd9    0x2  Code  Gb  stm32f1xx_it.o [1]
Region$$Table$$Base      0x800'2f88          --   Gb  - Linker created -
Region$$Table$$Limit     0x800'2f98          --   Gb  - Linker created -
SVC_Handler              0x800'2fd5    0x2  Code  Gb  stm32f1xx_it.o [1]
SysTick_Handler          0x800'2fdb    0x4  Code  Gb  stm32f1xx_it.o [1]
SystemClock_Config       0x800'2925   0x5a  Code  Gb  clock.o [1]
SystemCoreClock         0x2000'00a4    0x4  Data  Gb  system_stm32f1xx.o [1]
SystemInit               0x800'2ff1    0x2  Code  Gb  system_stm32f1xx.o [1]
TIM1_UP_IRQHandler       0x800'24fd   0xbc  Code  Gb  main.o [1]
USART1_IRQHandler        0x800'25b9   0x58  Code  Gb  main.o [1]
Uart1                   0x2000'0000    0x8  Data  Gb  main.o [1]
UsageFault_Handler       0x800'2fd3    0x2  Code  Gb  stm32f1xx_it.o [1]
_Encoding_8859_1_Mbrlen
                         0x800'1209    0x2  Code  Gb  xencoding_8859_1.o [2]
_Encoding_8859_1_Wctomb
                         0x800'11f7   0x12  Code  Gb  xencoding_8859_1.o [2]
_LitobFull               0x800'1043  0x10a  Code  Lc  xprintffull.o [2]
_Locale_lconv           0x2000'00a8   0x38  Data  Lc  xlocale_c.o [2]
_PrintfFull              0x800'0131  0xcc4  Code  Gb  xprintffull.o [2]
_PutcharsFull            0x800'11b5   0x2e  Code  Lc  xprintffull.o [2]
_PutstrFull              0x800'0f83   0xc0  Code  Lc  xprintffull.o [2]
_PuttxtFull              0x800'0e77  0x10c  Code  Lc  xprintffull.o [2]
_SProut                  0x800'12a7    0xa  Code  Gb  xsprout.o [2]
__NVIC_SetPriority       0x800'2451   0x1a  Code  Lc  stm32f1xx_hal_cortex.o [1]
__aeabi_cdcmple          0x800'1499         Code  Gb  DblCmpLe.o [3]
__aeabi_cdrcmple         0x800'14c9         Code  Gb  DblCmpGe.o [3]
__aeabi_d2iz             0x800'1635         Code  Gb  DblToS32.o [3]
__aeabi_d2uiz            0x800'19c1         Code  Gb  DblToU32.o [3]
__aeabi_ddiv             0x800'1779         Code  Gb  DblDiv.o [3]
__aeabi_dmul             0x800'1a05         Code  Gb  DblMul.o [3]
__aeabi_dsub             0x800'1695         Code  Gb  DblSub.o [3]
__aeabi_i2d              0x800'1671         Code  Gb  S32ToDbl.o [3]
__aeabi_ldiv0            0x800'1f55         Code  Gb  I64DivZer.o [4]
__aeabi_memcpy           0x800'1381         Code  Gb  ABImemcpy.o [4]
__aeabi_memcpy4          0x800'13a1         Code  Gb  ABImemcpy.o [4]
__aeabi_memcpy8          0x800'13a1         Code  Gb  ABImemcpy.o [4]
__aeabi_memset           0x800'2e81         Code  Gb  ABImemset.o [4]
__aeabi_ui2d             0x800'19e9         Code  Gb  U32ToDbl.o [3]
__aeabi_uldivmod         0x800'1bb1         Code  Gb  I64DivMod.o [4]
__cmain                  0x800'2f99         Code  Gb  cmain.o [4]
__exit                   0x800'1f59   0x14  Code  Gb  exit.o [5]
__iar_Fail_s             0x800'12b1   0x1c  Code  Gb  xfail_s.o [2]
__iar_Mbcurmax           0x800'1ba7    0xa  Code  Gb  xmbcurmax.o [2]
__iar_Memchr             0x800'1329         Code  Gb  memchr.o [4]
__iar_Memset             0x800'2e81         Code  Gb  ABImemset.o [4]
__iar_Memset_word        0x800'2e89         Code  Gb  ABImemset.o [4]
__iar_Strchr             0x800'1291         Code  Gb  strchr.o [4]
__iar_dadd               0x800'16a5         Code  Gb  DblSub.o [3]
__iar_data_init3         0x800'2f61   0x28  Code  Gb  data_init.o [4]
__iar_dsub               0x800'1de9         Code  Gb  DblAdd.o [3]
__iar_dsubStart          0x800'1dfb         Code  Gb  DblAdd.o [3]
__iar_frexp              0x800'1435         Code  Gb  frexp.o [3]
__iar_frexp64            0x800'1429         Code  Gb  frexp.o [3]
__iar_frexpl             0x800'1435         Code  Gb  frexp.o [3]
__iar_globLocale        0x2000'00e0   0x48  Data  Lc  xlocale_c.o [2]
__iar_global_Locale      0x800'1215    0x4  Code  Gb  xlocale_c.o [2]
__iar_ldexp64            0x800'14f9         Code  Gb  ldexp.o [3]
__iar_lz77_init_single3
                         0x800'2ee7   0x78  Code  Gb  lz77_init_single.o [4]
__iar_program_start      0x800'3015         Code  Gb  cstartup_M.o [4]
__iar_scalbln64          0x800'14f9         Code  Gb  ldexp.o [3]
__iar_scalbn64           0x800'14f9         Code  Gb  ldexp.o [3]
__low_level_init         0x800'2fb7    0x4  Code  Gb  low_level_init.o [2]
__vector_table           0x800'0000         Data  Gb  startup_stm32f103xe.o [1]
_call_main               0x800'2fa5         Code  Gb  cmain.o [4]
_exit                    0x800'2fc1         Code  Gb  cexit.o [4]
_gLocale_mblen           0x800'127d    0x4  Code  Gb  xlocale_c.o [2]
_gLocale_mblenInt        0x800'1241   0x2c  Code  Gb  xlocale_c.o [2]
_gLocale_wctomb          0x800'1281    0x4  Code  Gb  xlocale_c.o [2]
_gLocale_wctombInt       0x800'1279    0x4  Code  Gb  xlocale_c.o [2]
_main                    0x800'2fb3         Code  Gb  cmain.o [4]
abort                    0x800'1de1    0x6  Code  Gb  abort.o [2]
count                   0x2000'0008    0x4  Data  Gb  main.o [1]
data                    0x2000'012c    0x1  Data  Gb  IC_74AC165D.o [1]
exit                     0x800'2fbb    0x4  Code  Gb  exit.o [2]
frexp                    0x800'1429         Code  Gb  frexp.o [3]
frexpl                   0x800'1429         Code  Gb  frexp.o [3]
giay                    0x2000'002c    0x4  Data  Gb  main.o [1]
gio                     0x2000'0024    0x4  Data  Gb  main.o [1]
gpio_init                0x800'27d5   0x68  Code  Gb  gpio.o [1]
gpio_read                0x800'2881    0xa  Code  Gb  gpio.o [1]
gpio_write               0x800'288b   0x1c  Code  Gb  gpio.o [1]
ic_74AC165D_init         0x800'2a61   0x26  Code  Gb  IC_74AC165D.o [1]
ic_74HC594_init          0x800'2ae1   0x30  Code  Gb  IC_74HC594.o [1]
lcd_send                0x2000'0088   0x10  Data  Gb  main.o [1]
ldexp                    0x800'14f9         Code  Gb  ldexp.o [3]
ldexpl                   0x800'14f9         Code  Gb  ldexp.o [3]
localeconv               0x800'1285    0x4  Code  Gb  xlocale_c.o [2]
main                     0x800'2611  0x17c  Code  Gb  main.o [1]
memchr                   0x800'1329         Code  Gb  memchr.o [4]
memset                   0x800'2e3d   0x14  Code  Gb  memset.o [4]
phut                    0x2000'0028    0x4  Data  Gb  main.o [1]
scalbln                  0x800'14f9         Code  Gb  ldexp.o [3]
scalblnl                 0x800'14f9         Code  Gb  ldexp.o [3]
scalbn                   0x800'14f9         Code  Gb  ldexp.o [3]
scalbnl                  0x800'14f9         Code  Gb  ldexp.o [3]
scale                    0x800'114d   0x46  Code  Lc  xprintffull.o [2]
sec_hand                0x2000'0128    0x4  Data  Lc  xfail_s.o [2]
shiftIn                  0x800'2a87   0x4e  Code  Gb  IC_74AC165D.o [1]
sprintf                  0x800'2db9   0x40  Code  Gb  sprintf.o [2]
state1                  0x2000'0014    0x4  Data  Gb  main.o [1]
state2                  0x2000'0018    0x4  Data  Gb  main.o [1]
state3                  0x2000'001c    0x4  Data  Gb  main.o [1]
state4                  0x2000'0020    0x4  Data  Gb  main.o [1]
strchr                   0x800'1291         Code  Gb  strchr.o [4]
strlen                   0x800'12f1         Code  Gb  strlen.o [4]
system_clock_peripheral_init
                         0x800'28cd   0x54  Code  Gb  clock.o [1]
temp_giay               0x2000'0010    0x4  Data  Gb  main.o [1]
temp_phut               0x2000'000c    0x4  Data  Gb  main.o [1]
timer1_Init              0x800'2981   0x3a  Code  Gb  timer.o [1]
timer2_Init              0x800'29bb   0x3a  Code  Gb  timer.o [1]
uart1_init               0x800'2a05   0x50  Code  Gb  uart.o [1]
uwTick                  0x2000'009c    0x4  Data  Gb  stm32f1xx_hal.o [1]
uwTickFreq              0x2000'0098    0x1  Data  Gb  stm32f1xx_hal.o [1]
uwTickPrio              0x2000'00a0    0x4  Data  Gb  stm32f1xx_hal.o [1]


[1] = D:\STM32\thuchanhHK2\stm32f103vct6_source\EWARM\stm32f103vct6_source\Obj
[2] = dl7M_tlf.a
[3] = m7M_tl.a
[4] = rt7M_tl.a
[5] = shb_l.a

  12'531 bytes of readonly  code memory
      89 bytes of readonly  data memory
   1'325 bytes of readwrite data memory

Errors: none
Warnings: none
