###############################################################################
#
# IAR ELF Linker V8.40.2.214/W32 for ARM                  11/May/2023  17:35:44
# Copyright 2007-2019 IAR Systems AB.
#
#    Output file  =
#        D:\STM32\stm32f103vct6_source\EWARM\stm32f103vct6_source\Exe\stm32f103vct6_source.out
#    Map file     =
#        D:\STM32\stm32f103vct6_source\EWARM\stm32f103vct6_source\List\stm32f103vct6_source.map
#    Command line =
#        -f C:\Users\84921\AppData\Local\Temp\EW32A8.tmp
#        (D:\STM32\stm32f103vct6_source\EWARM\stm32f103vct6_source\Obj\clock.o
#        D:\STM32\stm32f103vct6_source\EWARM\stm32f103vct6_source\Obj\gpio.o
#        D:\STM32\stm32f103vct6_source\EWARM\stm32f103vct6_source\Obj\IC_74AC165D.o
#        D:\STM32\stm32f103vct6_source\EWARM\stm32f103vct6_source\Obj\main.o
#        D:\STM32\stm32f103vct6_source\EWARM\stm32f103vct6_source\Obj\startup_stm32f103xe.o
#        D:\STM32\stm32f103vct6_source\EWARM\stm32f103vct6_source\Obj\stm32f1xx_hal.o
#        D:\STM32\stm32f103vct6_source\EWARM\stm32f103vct6_source\Obj\stm32f1xx_hal_cortex.o
#        D:\STM32\stm32f103vct6_source\EWARM\stm32f103vct6_source\Obj\stm32f1xx_hal_dma.o
#        D:\STM32\stm32f103vct6_source\EWARM\stm32f103vct6_source\Obj\stm32f1xx_hal_exti.o
#        D:\STM32\stm32f103vct6_source\EWARM\stm32f103vct6_source\Obj\stm32f1xx_hal_flash.o
#        D:\STM32\stm32f103vct6_source\EWARM\stm32f103vct6_source\Obj\stm32f1xx_hal_flash_ex.o
#        D:\STM32\stm32f103vct6_source\EWARM\stm32f103vct6_source\Obj\stm32f1xx_hal_gpio.o
#        D:\STM32\stm32f103vct6_source\EWARM\stm32f103vct6_source\Obj\stm32f1xx_hal_gpio_ex.o
#        D:\STM32\stm32f103vct6_source\EWARM\stm32f103vct6_source\Obj\stm32f1xx_hal_msp.o
#        D:\STM32\stm32f103vct6_source\EWARM\stm32f103vct6_source\Obj\stm32f1xx_hal_pwr.o
#        D:\STM32\stm32f103vct6_source\EWARM\stm32f103vct6_source\Obj\stm32f1xx_hal_rcc.o
#        D:\STM32\stm32f103vct6_source\EWARM\stm32f103vct6_source\Obj\stm32f1xx_hal_rcc_ex.o
#        D:\STM32\stm32f103vct6_source\EWARM\stm32f103vct6_source\Obj\stm32f1xx_hal_tim.o
#        D:\STM32\stm32f103vct6_source\EWARM\stm32f103vct6_source\Obj\stm32f1xx_hal_tim_ex.o
#        D:\STM32\stm32f103vct6_source\EWARM\stm32f103vct6_source\Obj\stm32f1xx_it.o
#        D:\STM32\stm32f103vct6_source\EWARM\stm32f103vct6_source\Obj\system_stm32f1xx.o
#        D:\STM32\stm32f103vct6_source\EWARM\stm32f103vct6_source\Obj\timer.o
#        --redirect _Printf=_PrintfFull --redirect _Scanf=_ScanfFull
#        --no_out_extension -o
#        D:\STM32\stm32f103vct6_source\EWARM\stm32f103vct6_source\Exe\stm32f103vct6_source.out
#        --map
#        D:\STM32\stm32f103vct6_source\EWARM\stm32f103vct6_source\List\stm32f103vct6_source.map
#        --config D:\STM32\stm32f103vct6_source\EWARM/stm32f103xe_flash.icf
#        --semihosting --entry __iar_program_start --vfe --text_out locale)
#
###############################################################################

*******************************************************************************
*** RUNTIME MODEL ATTRIBUTES
***

CppFlavor       = *
__SystemLibrary = DLib
__dlib_version  = 6


*******************************************************************************
*** HEAP SELECTION
***

The basic heap was selected because no calls to memory allocation
functions were found in the application outside of system library
functions, and there are calls to deallocation functions in the
application.


*******************************************************************************
*** PLACEMENT SUMMARY
***

"A0":  place at address 0x800'0000 { ro section .intvec };
"P1":  place in [from 0x800'0000 to 0x807'ffff] { ro };
define block CSTACK with size = 1K, alignment = 8 { };
define block HEAP with size = 512, alignment = 8 { };
"P2":  place in [from 0x2000'0000 to 0x2000'ffff] {
          rw, block CSTACK, block HEAP };
initialize by copy { rw };

  Section            Kind         Address   Size  Object
  -------            ----         -------   ----  ------
"A0":                                      0x130
  .intvec            ro code   0x800'0000  0x130  startup_stm32f103xe.o [1]
                             - 0x800'0130  0x130

"P1":                                      0xabc
  .text              ro code   0x800'0130  0x496  stm32f1xx_hal_rcc.o [1]
  .text              ro code   0x800'05c6   0x2e  copy_init3.o [3]
  .text              ro code   0x800'05f4    0xc  stm32f1xx_hal.o [1]
  .text              ro code   0x800'0600   0x40  stm32f1xx_hal.o [1]
  .text              ro code   0x800'0640   0xac  stm32f1xx_hal_cortex.o [1]
  .text              ro code   0x800'06ec   0xc8  gpio.o [1]
  .text              ro code   0x800'07b4   0xa2  clock.o [1]
  .text              ro code   0x800'0856   0x14  memset.o [3]
  .text              ro code   0x800'086c   0x66  ABImemset.o [3]
  .text              ro code   0x800'08d4   0x5c  main.o [1]
  .text              ro code   0x800'0930   0x24  stm32f1xx_hal.o [1]
  .text              ro code   0x800'0954   0x4c  timer.o [1]
  .text              ro code   0x800'09a0   0x30  IC_74AC165D.o [1]
  .text              ro code   0x800'09d0   0x44  stm32f1xx_hal_msp.o [1]
  .text              ro code   0x800'0a14   0x28  data_init.o [3]
  .iar.init_table    const     0x800'0a3c   0x14  - Linker created -
  .text              ro code   0x800'0a50   0x1e  cmain.o [3]
  .text              ro code   0x800'0a6e    0x4  low_level_init.o [2]
  .text              ro code   0x800'0a72    0x4  exit.o [2]
  .text              ro code   0x800'0a78    0xa  cexit.o [3]
  .text              ro code   0x800'0a84   0x14  exit.o [4]
  .text              ro code   0x800'0a98   0x14  stm32f1xx_it.o [1]
  .text              ro code   0x800'0aac   0x10  stm32f1xx_hal.o [1]
  .text              ro code   0x800'0abc   0x14  system_stm32f1xx.o [1]
  Initializer bytes  const     0x800'0ad0   0x14  <for P2-1>
  .text              ro code   0x800'0ae4   0x10  startup_stm32f103xe.o [1]
  .text              ro code   0x800'0af4    0xc  cstartup_M.o [3]
  .text              ro code   0x800'0b00    0x4  startup_stm32f103xe.o [1]
  .text              ro code   0x800'0b04    0x4  startup_stm32f103xe.o [1]
  .text              ro code   0x800'0b08    0x4  startup_stm32f103xe.o [1]
  .text              ro code   0x800'0b0c    0x4  startup_stm32f103xe.o [1]
  .text              ro code   0x800'0b10    0x4  startup_stm32f103xe.o [1]
  .text              ro code   0x800'0b14    0x4  startup_stm32f103xe.o [1]
  .text              ro code   0x800'0b18    0x4  startup_stm32f103xe.o [1]
  .text              ro code   0x800'0b1c    0x4  startup_stm32f103xe.o [1]
  .text              ro code   0x800'0b20    0x4  startup_stm32f103xe.o [1]
  .text              ro code   0x800'0b24    0x4  startup_stm32f103xe.o [1]
  .text              ro code   0x800'0b28    0x4  startup_stm32f103xe.o [1]
  .text              ro code   0x800'0b2c    0x4  startup_stm32f103xe.o [1]
  .text              ro code   0x800'0b30    0x4  startup_stm32f103xe.o [1]
  .text              ro code   0x800'0b34    0x4  startup_stm32f103xe.o [1]
  .text              ro code   0x800'0b38    0x4  startup_stm32f103xe.o [1]
  .text              ro code   0x800'0b3c    0x4  startup_stm32f103xe.o [1]
  .text              ro code   0x800'0b40    0x4  startup_stm32f103xe.o [1]
  .text              ro code   0x800'0b44    0x4  startup_stm32f103xe.o [1]
  .text              ro code   0x800'0b48    0x4  startup_stm32f103xe.o [1]
  .text              ro code   0x800'0b4c    0x4  startup_stm32f103xe.o [1]
  .text              ro code   0x800'0b50    0x4  startup_stm32f103xe.o [1]
  .text              ro code   0x800'0b54    0x4  startup_stm32f103xe.o [1]
  .text              ro code   0x800'0b58    0x4  startup_stm32f103xe.o [1]
  .text              ro code   0x800'0b5c    0x4  startup_stm32f103xe.o [1]
  .text              ro code   0x800'0b60    0x4  startup_stm32f103xe.o [1]
  .text              ro code   0x800'0b64    0x4  startup_stm32f103xe.o [1]
  .text              ro code   0x800'0b68    0x4  startup_stm32f103xe.o [1]
  .text              ro code   0x800'0b6c    0x4  startup_stm32f103xe.o [1]
  .text              ro code   0x800'0b70    0x4  startup_stm32f103xe.o [1]
  .text              ro code   0x800'0b74    0x4  startup_stm32f103xe.o [1]
  .text              ro code   0x800'0b78    0x4  startup_stm32f103xe.o [1]
  .text              ro code   0x800'0b7c    0x4  startup_stm32f103xe.o [1]
  .text              ro code   0x800'0b80    0x4  startup_stm32f103xe.o [1]
  .text              ro code   0x800'0b84    0x4  startup_stm32f103xe.o [1]
  .text              ro code   0x800'0b88    0x4  startup_stm32f103xe.o [1]
  .text              ro code   0x800'0b8c    0x4  startup_stm32f103xe.o [1]
  .text              ro code   0x800'0b90    0x4  startup_stm32f103xe.o [1]
  .text              ro code   0x800'0b94    0x4  startup_stm32f103xe.o [1]
  .text              ro code   0x800'0b98    0x4  startup_stm32f103xe.o [1]
  .text              ro code   0x800'0b9c    0x4  startup_stm32f103xe.o [1]
  .text              ro code   0x800'0ba0    0x4  startup_stm32f103xe.o [1]
  .text              ro code   0x800'0ba4    0x4  startup_stm32f103xe.o [1]
  .text              ro code   0x800'0ba8    0x4  startup_stm32f103xe.o [1]
  .text              ro code   0x800'0bac    0x4  startup_stm32f103xe.o [1]
  .text              ro code   0x800'0bb0    0x4  startup_stm32f103xe.o [1]
  .text              ro code   0x800'0bb4    0x4  startup_stm32f103xe.o [1]
  .text              ro code   0x800'0bb8    0x4  startup_stm32f103xe.o [1]
  .text              ro code   0x800'0bbc    0x4  startup_stm32f103xe.o [1]
  .text              ro code   0x800'0bc0    0x4  startup_stm32f103xe.o [1]
  .text              ro code   0x800'0bc4    0x4  startup_stm32f103xe.o [1]
  .text              ro code   0x800'0bc8    0x4  startup_stm32f103xe.o [1]
  .text              ro code   0x800'0bcc    0x4  startup_stm32f103xe.o [1]
  .text              ro code   0x800'0bd0    0x4  startup_stm32f103xe.o [1]
  .text              ro code   0x800'0bd4    0x4  startup_stm32f103xe.o [1]
  .text              ro code   0x800'0bd8    0x4  startup_stm32f103xe.o [1]
  .text              ro code   0x800'0bdc    0x4  startup_stm32f103xe.o [1]
  .text              ro code   0x800'0be0    0x4  startup_stm32f103xe.o [1]
  .text              ro code   0x800'0be4    0x4  startup_stm32f103xe.o [1]
  .text              ro code   0x800'0be8    0x4  startup_stm32f103xe.o [1]
  .rodata            const     0x800'0bec    0x0  copy_init3.o [3]
                             - 0x800'0bec  0xabc

"P2", part 1 of 2:                          0x14
  P2-1                        0x2000'0000   0x14  <Init block>
    .data            inited   0x2000'0000    0xc  stm32f1xx_hal.o [1]
    .data            inited   0x2000'000c    0x4  system_stm32f1xx.o [1]
    .bss             inited   0x2000'0010    0x4  main.o [1]
                            - 0x2000'0014   0x14

"P2", part 2 of 2:                         0x400
  CSTACK                      0x2000'0018  0x400  <Block>
    CSTACK           uninit   0x2000'0018  0x400  <Block tail>
                            - 0x2000'0418  0x400

Unused ranges:

         From           To      Size
         ----           --      ----
   0x800'0bec   0x807'ffff  0x7'f414
  0x2000'0014  0x2000'0017       0x4
  0x2000'0418  0x2000'ffff    0xfbe8


*******************************************************************************
*** INIT TABLE
***

          Address      Size
          -------      ----
Copy (__iar_copy_init3)
    1 source range, total size 0x14:
           0x800'0ad0  0x14
    1 destination range, total size 0x14:
          0x2000'0000  0x14



*******************************************************************************
*** MODULE SUMMARY
***

    Module                  ro code  ro data  rw data
    ------                  -------  -------  -------
command line/config:
    -------------------------------------------------
    Total:

D:\STM32\stm32f103vct6_source\EWARM\stm32f103vct6_source\Obj: [1]
    IC_74AC165D.o                48
    clock.o                     162
    gpio.o                      200
    main.o                       92        4        4
    startup_stm32f103xe.o       556
    stm32f1xx_hal.o             128       12       12
    stm32f1xx_hal_cortex.o      172
    stm32f1xx_hal_msp.o          68
    stm32f1xx_hal_rcc.o       1'174
    stm32f1xx_it.o               20
    system_stm32f1xx.o           20        4        4
    timer.o                      76
    -------------------------------------------------
    Total:                    2'716       20       20

dl7M_tln.a: [2]
    exit.o                        4
    low_level_init.o              4
    -------------------------------------------------
    Total:                        8

rt7M_tl.a: [3]
    ABImemset.o                 102
    cexit.o                      10
    cmain.o                      30
    copy_init3.o                 46
    cstartup_M.o                 12
    data_init.o                  40
    memset.o                     20
    -------------------------------------------------
    Total:                      260

shb_l.a: [4]
    exit.o                       20
    -------------------------------------------------
    Total:                       20

    Gaps                          8
    Linker created                        20    1'024
-----------------------------------------------------
    Grand Total:              3'012       40    1'044


*******************************************************************************
*** ENTRY LIST
***

Entry                       Address   Size  Type      Object
-----                       -------   ----  ----      ------
.iar.init_table$$Base    0x800'0a3c          --   Gb  - Linker created -
.iar.init_table$$Limit   0x800'0a50          --   Gb  - Linker created -
?main                    0x800'0a51         Code  Gb  cmain.o [3]
AHBPrescTable            0x800'0ac0   0x10  Data  Gb  system_stm32f1xx.o [1]
BusFault_Handler         0x800'0a9f    0x2  Code  Gb  stm32f1xx_it.o [1]
CSTACK$$Base            0x2000'0018          --   Gb  - Linker created -
CSTACK$$Limit           0x2000'0418          --   Gb  - Linker created -
DebugMon_Handler         0x800'0aa5    0x2  Code  Gb  stm32f1xx_it.o [1]
HAL_GetTick              0x800'05f5    0xc  Code  Wk  stm32f1xx_hal.o [1]
HAL_IncTick              0x800'0aad   0x10  Code  Wk  stm32f1xx_hal.o [1]
HAL_Init                 0x800'0931   0x20  Code  Gb  stm32f1xx_hal.o [1]
HAL_InitTick             0x800'0601   0x40  Code  Wk  stm32f1xx_hal.o [1]
HAL_MspInit              0x800'09d1   0x44  Code  Gb  stm32f1xx_hal_msp.o [1]
HAL_NVIC_SetPriority     0x800'0675   0x3a  Code  Gb  stm32f1xx_hal_cortex.o [1]
HAL_NVIC_SetPriorityGrouping
                         0x800'065b   0x1a  Code  Gb  stm32f1xx_hal_cortex.o [1]
HAL_RCC_ClockConfig      0x800'0445   0xf4  Code  Gb  stm32f1xx_hal_rcc.o [1]
HAL_RCC_GetSysClockFreq
                         0x800'054d   0x3a  Code  Gb  stm32f1xx_hal_rcc.o [1]
HAL_RCC_GetSysClockFreq::aPLLMULFactorTable
                         0x800'05b4   0x10  Data  Lc  stm32f1xx_hal_rcc.o [1]
HAL_RCC_GetSysClockFreq::aPredivFactorTable
                         0x800'05c4    0x2  Data  Lc  stm32f1xx_hal_rcc.o [1]
HAL_RCC_OscConfig        0x800'0131  0x30c  Code  Gb  stm32f1xx_hal_rcc.o [1]
HAL_SYSTICK_Config       0x800'06af   0x28  Code  Gb  stm32f1xx_hal_cortex.o [1]
HardFault_Handler        0x800'0a9b    0x2  Code  Gb  stm32f1xx_it.o [1]
MemManage_Handler        0x800'0a9d    0x2  Code  Gb  stm32f1xx_it.o [1]
NMI_Handler              0x800'0a99    0x2  Code  Gb  stm32f1xx_it.o [1]
PendSV_Handler           0x800'0aa7    0x2  Code  Gb  stm32f1xx_it.o [1]
Region$$Table$$Base      0x800'0a3c          --   Gb  - Linker created -
Region$$Table$$Limit     0x800'0a50          --   Gb  - Linker created -
SVC_Handler              0x800'0aa3    0x2  Code  Gb  stm32f1xx_it.o [1]
SysTick_Handler          0x800'0aa9    0x4  Code  Gb  stm32f1xx_it.o [1]
SystemClock_Config       0x800'07fd   0x5a  Code  Gb  clock.o [1]
SystemCoreClock         0x2000'000c    0x4  Data  Gb  system_stm32f1xx.o [1]
SystemInit               0x800'0abd    0x2  Code  Gb  system_stm32f1xx.o [1]
TIM1_UP_IRQHandler       0x800'08d5   0x2c  Code  Gb  main.o [1]
UsageFault_Handler       0x800'0aa1    0x2  Code  Gb  stm32f1xx_it.o [1]
__NVIC_SetPriority       0x800'0641   0x1a  Code  Lc  stm32f1xx_hal_cortex.o [1]
__aeabi_memset           0x800'086d         Code  Gb  ABImemset.o [3]
__cmain                  0x800'0a51         Code  Gb  cmain.o [3]
__exit                   0x800'0a85   0x14  Code  Gb  exit.o [4]
__iar_Memset             0x800'086d         Code  Gb  ABImemset.o [3]
__iar_Memset_word        0x800'0875         Code  Gb  ABImemset.o [3]
__iar_copy_init3         0x800'05c7   0x2e  Code  Gb  copy_init3.o [3]
__iar_data_init3         0x800'0a15   0x28  Code  Gb  data_init.o [3]
__iar_program_start      0x800'0af5         Code  Gb  cstartup_M.o [3]
__low_level_init         0x800'0a6f    0x4  Code  Gb  low_level_init.o [2]
__vector_table           0x800'0000         Data  Gb  startup_stm32f103xe.o [1]
_call_main               0x800'0a5d         Code  Gb  cmain.o [3]
_exit                    0x800'0a79         Code  Gb  cexit.o [3]
_main                    0x800'0a6b         Code  Gb  cmain.o [3]
exit                     0x800'0a73    0x4  Code  Gb  exit.o [2]
gpio_init                0x800'06ed   0x68  Code  Gb  gpio.o [1]
gpio_write               0x800'0799   0x1c  Code  Gb  gpio.o [1]
ic_74AC165D_init         0x800'09a1   0x26  Code  Gb  IC_74AC165D.o [1]
main                     0x800'0901   0x22  Code  Gb  main.o [1]
memset                   0x800'0857   0x14  Code  Gb  memset.o [3]
system_clock_peripheral_init
                         0x800'07b5   0x44  Code  Gb  clock.o [1]
time20ms                0x2000'0010    0x4  Data  Gb  main.o [1]
timer2_Init              0x800'0955   0x44  Code  Gb  timer.o [1]
uwTick                  0x2000'0004    0x4  Data  Gb  stm32f1xx_hal.o [1]
uwTickFreq              0x2000'0000    0x1  Data  Gb  stm32f1xx_hal.o [1]
uwTickPrio              0x2000'0008    0x4  Data  Gb  stm32f1xx_hal.o [1]


[1] = D:\STM32\stm32f103vct6_source\EWARM\stm32f103vct6_source\Obj
[2] = dl7M_tln.a
[3] = rt7M_tl.a
[4] = shb_l.a

  3'012 bytes of readonly  code memory
     40 bytes of readonly  data memory
  1'044 bytes of readwrite data memory

Errors: none
Warnings: none
