###############################################################################
#
# IAR ELF Linker V8.40.2.214/W32 for ARM                  26/May/2023  12:35:49
# Copyright 2007-2019 IAR Systems AB.
#
#    Output file  =
#        D:\STM32\thuchanhHK2\stm32f103vct6_source\EWARM\stm32f103vct6_source\Exe\stm32f103vct6_source.out
#    Map file     =
#        D:\STM32\thuchanhHK2\stm32f103vct6_source\EWARM\stm32f103vct6_source\List\stm32f103vct6_source.map
#    Command line =
#        -f C:\Users\84921\AppData\Local\Temp\EW9927.tmp
#        (D:\STM32\thuchanhHK2\stm32f103vct6_source\EWARM\stm32f103vct6_source\Obj\clock.o
#        D:\STM32\thuchanhHK2\stm32f103vct6_source\EWARM\stm32f103vct6_source\Obj\gpio.o
#        D:\STM32\thuchanhHK2\stm32f103vct6_source\EWARM\stm32f103vct6_source\Obj\IC_74AC165D.o
#        D:\STM32\thuchanhHK2\stm32f103vct6_source\EWARM\stm32f103vct6_source\Obj\IC_74HC594.o
#        D:\STM32\thuchanhHK2\stm32f103vct6_source\EWARM\stm32f103vct6_source\Obj\LCD_Lib.o
#        D:\STM32\thuchanhHK2\stm32f103vct6_source\EWARM\stm32f103vct6_source\Obj\main.o
#        D:\STM32\thuchanhHK2\stm32f103vct6_source\EWARM\stm32f103vct6_source\Obj\startup_stm32f103xe.o
#        D:\STM32\thuchanhHK2\stm32f103vct6_source\EWARM\stm32f103vct6_source\Obj\stm32f1xx_hal.o
#        D:\STM32\thuchanhHK2\stm32f103vct6_source\EWARM\stm32f103vct6_source\Obj\stm32f1xx_hal_cortex.o
#        D:\STM32\thuchanhHK2\stm32f103vct6_source\EWARM\stm32f103vct6_source\Obj\stm32f1xx_hal_dma.o
#        D:\STM32\thuchanhHK2\stm32f103vct6_source\EWARM\stm32f103vct6_source\Obj\stm32f1xx_hal_exti.o
#        D:\STM32\thuchanhHK2\stm32f103vct6_source\EWARM\stm32f103vct6_source\Obj\stm32f1xx_hal_flash.o
#        D:\STM32\thuchanhHK2\stm32f103vct6_source\EWARM\stm32f103vct6_source\Obj\stm32f1xx_hal_flash_ex.o
#        D:\STM32\thuchanhHK2\stm32f103vct6_source\EWARM\stm32f103vct6_source\Obj\stm32f1xx_hal_gpio.o
#        D:\STM32\thuchanhHK2\stm32f103vct6_source\EWARM\stm32f103vct6_source\Obj\stm32f1xx_hal_gpio_ex.o
#        D:\STM32\thuchanhHK2\stm32f103vct6_source\EWARM\stm32f103vct6_source\Obj\stm32f1xx_hal_msp.o
#        D:\STM32\thuchanhHK2\stm32f103vct6_source\EWARM\stm32f103vct6_source\Obj\stm32f1xx_hal_pwr.o
#        D:\STM32\thuchanhHK2\stm32f103vct6_source\EWARM\stm32f103vct6_source\Obj\stm32f1xx_hal_rcc.o
#        D:\STM32\thuchanhHK2\stm32f103vct6_source\EWARM\stm32f103vct6_source\Obj\stm32f1xx_hal_rcc_ex.o
#        D:\STM32\thuchanhHK2\stm32f103vct6_source\EWARM\stm32f103vct6_source\Obj\stm32f1xx_hal_tim.o
#        D:\STM32\thuchanhHK2\stm32f103vct6_source\EWARM\stm32f103vct6_source\Obj\stm32f1xx_hal_tim_ex.o
#        D:\STM32\thuchanhHK2\stm32f103vct6_source\EWARM\stm32f103vct6_source\Obj\stm32f1xx_it.o
#        D:\STM32\thuchanhHK2\stm32f103vct6_source\EWARM\stm32f103vct6_source\Obj\system_stm32f1xx.o
#        D:\STM32\thuchanhHK2\stm32f103vct6_source\EWARM\stm32f103vct6_source\Obj\timer.o
#        D:\STM32\thuchanhHK2\stm32f103vct6_source\EWARM\stm32f103vct6_source\Obj\uart.o
#        --redirect _Printf=_PrintfFull --redirect _Scanf=_ScanfFull
#        --no_out_extension -o
#        D:\STM32\thuchanhHK2\stm32f103vct6_source\EWARM\stm32f103vct6_source\Exe\stm32f103vct6_source.out
#        --map
#        D:\STM32\thuchanhHK2\stm32f103vct6_source\EWARM\stm32f103vct6_source\List\stm32f103vct6_source.map
#        --config
#        D:\STM32\thuchanhHK2\stm32f103vct6_source\EWARM/stm32f103xe_flash.icf
#        --semihosting --entry __iar_program_start --vfe --text_out locale)
#
###############################################################################

*******************************************************************************
*** RUNTIME MODEL ATTRIBUTES
***

CppFlavor       = *
__Heap_Handler  = NoFree
__SystemLibrary = DLib
__dlib_version  = 6


*******************************************************************************
*** HEAP SELECTION
***

The no free heap was selected because no calls to memory
deallocation functions were found in the application.


*******************************************************************************
*** PLACEMENT SUMMARY
***

"A0":  place at address 0x800'0000 { ro section .intvec };
"P1":  place in [from 0x800'0000 to 0x807'ffff] { ro };
define block CSTACK with size = 1K, alignment = 8 { };
define block HEAP with size = 512, alignment = 8 { };
"P2":  place in [from 0x2000'0000 to 0x2000'ffff] {
          rw, block CSTACK, block HEAP };
initialize by copy { rw };

  Section            Kind         Address   Size  Object
  -------            ----         -------   ----  ------
"A0":                                      0x130
  .intvec            ro code   0x800'0000  0x130  startup_stm32f103xe.o [1]
                             - 0x800'0130  0x130

"P1":                                      0xf48
  .text              ro code   0x800'0130  0x496  stm32f1xx_hal_rcc.o [1]
  .text              ro code   0x800'05c6   0x3a  zero_init3.o [4]
  .text              ro code   0x800'0600    0xc  stm32f1xx_hal.o [1]
  .text              ro code   0x800'060c   0x40  stm32f1xx_hal.o [1]
  .text              ro code   0x800'064c   0xac  stm32f1xx_hal_cortex.o [1]
  .text              ro code   0x800'06f8  0x1a6  LCD_Lib.o [1]
  .text              ro code   0x800'089e   0x2e  copy_init3.o [4]
  .text              ro code   0x800'08cc   0x28  stm32f1xx_hal.o [1]
  .text              ro code   0x800'08f4    0x8  stm32f1xx_hal_gpio.o [1]
  .text              ro code   0x800'08fc  0x16e  main.o [1]
  .text              ro code   0x800'0a6c   0x24  stm32f1xx_hal.o [1]
  .text              ro code   0x800'0a90   0xb2  clock.o [1]
  .text              ro code   0x800'0b44   0xb0  timer.o [1]
  .text              ro code   0x800'0bf4   0x5c  uart.o [1]
  .text              ro code   0x800'0c50   0x80  IC_74AC165D.o [1]
  .text              ro code   0x800'0cd0   0x38  IC_74HC594.o [1]
  .text              ro code   0x800'0d08   0xd2  gpio.o [1]
  .text              ro code   0x800'0ddc   0x44  stm32f1xx_hal_msp.o [1]
  .text              ro code   0x800'0e20   0x14  memset.o [4]
  .text              ro code   0x800'0e34   0x66  ABImemset.o [4]
  .text              ro code   0x800'0e9c   0x28  data_init.o [4]
  .iar.init_table    const     0x800'0ec4   0x24  - Linker created -
  .text              ro code   0x800'0ee8   0x1e  cmain.o [4]
  .text              ro code   0x800'0f06    0x4  low_level_init.o [2]
  .text              ro code   0x800'0f0a    0x4  exit.o [2]
  .text              ro code   0x800'0f10    0xa  cexit.o [4]
  .text              ro code   0x800'0f1c   0x14  exit.o [5]
  .text              ro code   0x800'0f30   0x14  stm32f1xx_it.o [1]
  .text              ro code   0x800'0f44   0x10  stm32f1xx_hal.o [1]
  .text              ro code   0x800'0f54   0x14  system_stm32f1xx.o [1]
  .text              ro code   0x800'0f68   0x10  startup_stm32f103xe.o [1]
  Initializer bytes  const     0x800'0f78   0x10  <for P2-1>
  .text              ro code   0x800'0f88    0xc  cstartup_M.o [4]
  .text              ro code   0x800'0f94    0x4  startup_stm32f103xe.o [1]
  .text              ro code   0x800'0f98    0x4  startup_stm32f103xe.o [1]
  .text              ro code   0x800'0f9c    0x4  startup_stm32f103xe.o [1]
  .text              ro code   0x800'0fa0    0x4  startup_stm32f103xe.o [1]
  .text              ro code   0x800'0fa4    0x4  startup_stm32f103xe.o [1]
  .text              ro code   0x800'0fa8    0x4  startup_stm32f103xe.o [1]
  .text              ro code   0x800'0fac    0x4  startup_stm32f103xe.o [1]
  .text              ro code   0x800'0fb0    0x4  startup_stm32f103xe.o [1]
  .text              ro code   0x800'0fb4    0x4  startup_stm32f103xe.o [1]
  .text              ro code   0x800'0fb8    0x4  startup_stm32f103xe.o [1]
  .text              ro code   0x800'0fbc    0x4  startup_stm32f103xe.o [1]
  .text              ro code   0x800'0fc0    0x4  startup_stm32f103xe.o [1]
  .text              ro code   0x800'0fc4    0x4  startup_stm32f103xe.o [1]
  .text              ro code   0x800'0fc8    0x4  startup_stm32f103xe.o [1]
  .text              ro code   0x800'0fcc    0x4  startup_stm32f103xe.o [1]
  .text              ro code   0x800'0fd0    0x4  startup_stm32f103xe.o [1]
  .text              ro code   0x800'0fd4    0x4  startup_stm32f103xe.o [1]
  .text              ro code   0x800'0fd8    0x4  startup_stm32f103xe.o [1]
  .text              ro code   0x800'0fdc    0x4  startup_stm32f103xe.o [1]
  .text              ro code   0x800'0fe0    0x4  startup_stm32f103xe.o [1]
  .text              ro code   0x800'0fe4    0x4  startup_stm32f103xe.o [1]
  .text              ro code   0x800'0fe8    0x4  startup_stm32f103xe.o [1]
  .text              ro code   0x800'0fec    0x4  startup_stm32f103xe.o [1]
  .text              ro code   0x800'0ff0    0x4  startup_stm32f103xe.o [1]
  .text              ro code   0x800'0ff4    0x4  startup_stm32f103xe.o [1]
  .text              ro code   0x800'0ff8    0x4  startup_stm32f103xe.o [1]
  .text              ro code   0x800'0ffc    0x4  startup_stm32f103xe.o [1]
  .text              ro code   0x800'1000    0x4  startup_stm32f103xe.o [1]
  .text              ro code   0x800'1004    0x4  startup_stm32f103xe.o [1]
  .text              ro code   0x800'1008    0x4  startup_stm32f103xe.o [1]
  .text              ro code   0x800'100c    0x4  startup_stm32f103xe.o [1]
  .text              ro code   0x800'1010    0x4  startup_stm32f103xe.o [1]
  .text              ro code   0x800'1014    0x4  startup_stm32f103xe.o [1]
  .text              ro code   0x800'1018    0x4  startup_stm32f103xe.o [1]
  .text              ro code   0x800'101c    0x4  startup_stm32f103xe.o [1]
  .text              ro code   0x800'1020    0x4  startup_stm32f103xe.o [1]
  .text              ro code   0x800'1024    0x4  startup_stm32f103xe.o [1]
  .text              ro code   0x800'1028    0x4  startup_stm32f103xe.o [1]
  .text              ro code   0x800'102c    0x4  startup_stm32f103xe.o [1]
  .text              ro code   0x800'1030    0x4  startup_stm32f103xe.o [1]
  .text              ro code   0x800'1034    0x4  startup_stm32f103xe.o [1]
  .text              ro code   0x800'1038    0x4  startup_stm32f103xe.o [1]
  .text              ro code   0x800'103c    0x4  startup_stm32f103xe.o [1]
  .text              ro code   0x800'1040    0x4  startup_stm32f103xe.o [1]
  .text              ro code   0x800'1044    0x4  startup_stm32f103xe.o [1]
  .text              ro code   0x800'1048    0x4  startup_stm32f103xe.o [1]
  .text              ro code   0x800'104c    0x4  startup_stm32f103xe.o [1]
  .text              ro code   0x800'1050    0x4  startup_stm32f103xe.o [1]
  .text              ro code   0x800'1054    0x4  startup_stm32f103xe.o [1]
  .text              ro code   0x800'1058    0x4  startup_stm32f103xe.o [1]
  .text              ro code   0x800'105c    0x4  startup_stm32f103xe.o [1]
  .text              ro code   0x800'1060    0x4  startup_stm32f103xe.o [1]
  .text              ro code   0x800'1064    0x4  startup_stm32f103xe.o [1]
  .text              ro code   0x800'1068    0x4  startup_stm32f103xe.o [1]
  .text              ro code   0x800'106c    0x4  startup_stm32f103xe.o [1]
  .text              ro code   0x800'1070    0x4  startup_stm32f103xe.o [1]
  .text              ro code   0x800'1074    0x4  startup_stm32f103xe.o [1]
  .rodata            const     0x800'1078    0x0  zero_init3.o [4]
  .rodata            const     0x800'1078    0x0  copy_init3.o [4]
                             - 0x800'1078  0xf48

"P2", part 1 of 3:                          0x10
  P2-1                        0x2000'0000   0x10  <Init block>
    .data            inited   0x2000'0000    0xc  stm32f1xx_hal.o [1]
    .data            inited   0x2000'000c    0x4  system_stm32f1xx.o [1]
                            - 0x2000'0010   0x10

"P2", part 2 of 3:                          0x70
  .bss               zero     0x2000'0010   0x58  main.o [1]
  .bss               zero     0x2000'0068   0x10  main.o [1]
  .bss               zero     0x2000'0078    0x4  main.o [1]
  .bss               zero     0x2000'007c    0x1  IC_74AC165D.o [1]
                            - 0x2000'007d   0x6d

"P2", part 3 of 3:                         0x400
  CSTACK                      0x2000'0080  0x400  <Block>
    CSTACK           uninit   0x2000'0080  0x400  <Block tail>
                            - 0x2000'0480  0x400

Unused ranges:

         From           To      Size
         ----           --      ----
   0x800'1078   0x807'ffff  0x7'ef88
  0x2000'0480  0x2000'ffff    0xfb80


*******************************************************************************
*** INIT TABLE
***

          Address      Size
          -------      ----
Zero (__iar_zero_init3)
    1 destination range, total size 0x6d:
          0x2000'0010  0x6d

Copy (__iar_copy_init3)
    1 source range, total size 0x10:
           0x800'0f78  0x10
    1 destination range, total size 0x10:
          0x2000'0000  0x10



*******************************************************************************
*** MODULE SUMMARY
***

    Module                  ro code  ro data  rw data
    ------                  -------  -------  -------
command line/config:
    -------------------------------------------------
    Total:

D:\STM32\thuchanhHK2\stm32f103vct6_source\EWARM\stm32f103vct6_source\Obj: [1]
    IC_74AC165D.o               128                 1
    IC_74HC594.o                 56
    LCD_Lib.o                   422
    clock.o                     178
    gpio.o                      210
    main.o                      366               108
    startup_stm32f103xe.o       548
    stm32f1xx_hal.o             168       12       12
    stm32f1xx_hal_cortex.o      172
    stm32f1xx_hal_gpio.o          8
    stm32f1xx_hal_msp.o          68
    stm32f1xx_hal_rcc.o       1'174
    stm32f1xx_it.o               20
    system_stm32f1xx.o           20        4        4
    timer.o                     176
    uart.o                       92
    -------------------------------------------------
    Total:                    3'806       16      125

dl7M_tlf.a: [2]
    exit.o                        4
    low_level_init.o              4
    -------------------------------------------------
    Total:                        8

m7M_tl.a: [3]
    -------------------------------------------------
    Total:

rt7M_tl.a: [4]
    ABImemset.o                 102
    cexit.o                      10
    cmain.o                      30
    copy_init3.o                 46
    cstartup_M.o                 12
    data_init.o                  40
    memset.o                     20
    zero_init3.o                 58
    -------------------------------------------------
    Total:                      318

shb_l.a: [5]
    exit.o                       20
    -------------------------------------------------
    Total:                       20

    Gaps                         12
    Linker created                        36    1'024
-----------------------------------------------------
    Grand Total:              4'164       52    1'149


*******************************************************************************
*** ENTRY LIST
***

Entry                       Address   Size  Type      Object
-----                       -------   ----  ----      ------
.iar.init_table$$Base    0x800'0ec4          --   Gb  - Linker created -
.iar.init_table$$Limit   0x800'0ee8          --   Gb  - Linker created -
?main                    0x800'0ee9         Code  Gb  cmain.o [4]
AHBPrescTable            0x800'0f58   0x10  Data  Gb  system_stm32f1xx.o [1]
BusFault_Handler         0x800'0f37    0x2  Code  Gb  stm32f1xx_it.o [1]
CLCD_4BIT_Init           0x800'07c9   0xce  Code  Gb  LCD_Lib.o [1]
CLCD_Delay               0x800'06f9    0x4  Code  Lc  LCD_Lib.o [1]
CLCD_Write4              0x800'06fd   0x9a  Code  Lc  LCD_Lib.o [1]
CSTACK$$Base            0x2000'0080          --   Gb  - Linker created -
CSTACK$$Limit           0x2000'0480          --   Gb  - Linker created -
DebugMon_Handler         0x800'0f3d    0x2  Code  Gb  stm32f1xx_it.o [1]
HAL_Delay                0x800'08cd   0x28  Code  Wk  stm32f1xx_hal.o [1]
HAL_GPIO_WritePin        0x800'08f5    0x8  Code  Gb  stm32f1xx_hal_gpio.o [1]
HAL_GetTick              0x800'0601    0xc  Code  Wk  stm32f1xx_hal.o [1]
HAL_IncTick              0x800'0f45   0x10  Code  Wk  stm32f1xx_hal.o [1]
HAL_Init                 0x800'0a6d   0x20  Code  Gb  stm32f1xx_hal.o [1]
HAL_InitTick             0x800'060d   0x40  Code  Wk  stm32f1xx_hal.o [1]
HAL_MspInit              0x800'0ddd   0x44  Code  Gb  stm32f1xx_hal_msp.o [1]
HAL_NVIC_SetPriority     0x800'0681   0x3a  Code  Gb  stm32f1xx_hal_cortex.o [1]
HAL_NVIC_SetPriorityGrouping
                         0x800'0667   0x1a  Code  Gb  stm32f1xx_hal_cortex.o [1]
HAL_RCC_ClockConfig      0x800'0445   0xf4  Code  Gb  stm32f1xx_hal_rcc.o [1]
HAL_RCC_GetSysClockFreq
                         0x800'054d   0x3a  Code  Gb  stm32f1xx_hal_rcc.o [1]
HAL_RCC_GetSysClockFreq::aPLLMULFactorTable
                         0x800'05b4   0x10  Data  Lc  stm32f1xx_hal_rcc.o [1]
HAL_RCC_GetSysClockFreq::aPredivFactorTable
                         0x800'05c4    0x2  Data  Lc  stm32f1xx_hal_rcc.o [1]
HAL_RCC_OscConfig        0x800'0131  0x30c  Code  Gb  stm32f1xx_hal_rcc.o [1]
HAL_SYSTICK_Config       0x800'06bb   0x28  Code  Gb  stm32f1xx_hal_cortex.o [1]
HardFault_Handler        0x800'0f33    0x2  Code  Gb  stm32f1xx_it.o [1]
LCD1                    0x2000'0010   0x58  Data  Gb  main.o [1]
MemManage_Handler        0x800'0f35    0x2  Code  Gb  stm32f1xx_it.o [1]
NMI_Handler              0x800'0f31    0x2  Code  Gb  stm32f1xx_it.o [1]
PendSV_Handler           0x800'0f3f    0x2  Code  Gb  stm32f1xx_it.o [1]
Region$$Table$$Base      0x800'0ec4          --   Gb  - Linker created -
Region$$Table$$Limit     0x800'0ee8          --   Gb  - Linker created -
SVC_Handler              0x800'0f3b    0x2  Code  Gb  stm32f1xx_it.o [1]
SysTick_Handler          0x800'0f41    0x4  Code  Gb  stm32f1xx_it.o [1]
SystemClock_Config       0x800'0ae9   0x5a  Code  Gb  clock.o [1]
SystemCoreClock         0x2000'000c    0x4  Data  Gb  system_stm32f1xx.o [1]
SystemInit               0x800'0f55    0x2  Code  Gb  system_stm32f1xx.o [1]
TIM1_UP_IRQHandler       0x800'08fd   0x1e  Code  Gb  main.o [1]
TIM3_IRQHandler          0x800'091b   0x40  Code  Gb  main.o [1]
USART1_IRQHandler        0x800'095b   0x38  Code  Gb  main.o [1]
Uart1                   0x2000'0068   0x10  Data  Gb  main.o [1]
UsageFault_Handler       0x800'0f39    0x2  Code  Gb  stm32f1xx_it.o [1]
__NVIC_SetPriority       0x800'064d   0x1a  Code  Lc  stm32f1xx_hal_cortex.o [1]
__aeabi_memset           0x800'0e35         Code  Gb  ABImemset.o [4]
__cmain                  0x800'0ee9         Code  Gb  cmain.o [4]
__exit                   0x800'0f1d   0x14  Code  Gb  exit.o [5]
__iar_Memset             0x800'0e35         Code  Gb  ABImemset.o [4]
__iar_Memset_word        0x800'0e3d         Code  Gb  ABImemset.o [4]
__iar_copy_init3         0x800'089f   0x2e  Code  Gb  copy_init3.o [4]
__iar_data_init3         0x800'0e9d   0x28  Code  Gb  data_init.o [4]
__iar_program_start      0x800'0f89         Code  Gb  cstartup_M.o [4]
__iar_zero_init3         0x800'05c7   0x3a  Code  Gb  zero_init3.o [4]
__low_level_init         0x800'0f07    0x4  Code  Gb  low_level_init.o [2]
__vector_table           0x800'0000         Data  Gb  startup_stm32f103xe.o [1]
_call_main               0x800'0ef5         Code  Gb  cmain.o [4]
_exit                    0x800'0f11         Code  Gb  cexit.o [4]
_main                    0x800'0f03         Code  Gb  cmain.o [4]
data                    0x2000'007c    0x1  Data  Gb  IC_74AC165D.o [1]
exit                     0x800'0f0b    0x4  Code  Gb  exit.o [2]
gpio_init                0x800'0d09   0x68  Code  Gb  gpio.o [1]
gpio_read                0x800'0db5    0xa  Code  Gb  gpio.o [1]
gpio_write               0x800'0dbf   0x1c  Code  Gb  gpio.o [1]
ic_74AC165D_init         0x800'0c51   0x26  Code  Gb  IC_74AC165D.o [1]
ic_74HC594_init          0x800'0cd1   0x30  Code  Gb  IC_74HC594.o [1]
main                     0x800'0993   0xb0  Code  Gb  main.o [1]
memset                   0x800'0e21   0x14  Code  Gb  memset.o [4]
shiftIn                  0x800'0c77   0x4e  Code  Gb  IC_74AC165D.o [1]
system_clock_peripheral_init
                         0x800'0a91   0x54  Code  Gb  clock.o [1]
time20ms                0x2000'0078    0x4  Data  Gb  main.o [1]
timer1_Init              0x800'0b45   0x32  Code  Gb  timer.o [1]
timer2_Init              0x800'0b77   0x3a  Code  Gb  timer.o [1]
timer3_Init              0x800'0bb1   0x26  Code  Gb  timer.o [1]
uart1_init               0x800'0bf5   0x50  Code  Gb  uart.o [1]
uwTick                  0x2000'0004    0x4  Data  Gb  stm32f1xx_hal.o [1]
uwTickFreq              0x2000'0000    0x1  Data  Gb  stm32f1xx_hal.o [1]
uwTickPrio              0x2000'0008    0x4  Data  Gb  stm32f1xx_hal.o [1]


[1] = D:\STM32\thuchanhHK2\stm32f103vct6_source\EWARM\stm32f103vct6_source\Obj
[2] = dl7M_tlf.a
[3] = m7M_tl.a
[4] = rt7M_tl.a
[5] = shb_l.a

  4'164 bytes of readonly  code memory
     52 bytes of readonly  data memory
  1'149 bytes of readwrite data memory

Errors: none
Warnings: none
